// Jest Snapshot v1, https://goo.gl/fbAQLP

exports[`testing RFQDocPreview snapshot testing should render correctly 1`] = `
<RNCSafeAreaProvider
  onInsetsChange={[Function]}
  style={
    {
      "flex": 1,
    }
  }
>
  <RNSScreenStack
    style={
      {
        "flex": 1,
      }
    }
  >
    <RNSScreen
      collapsable={false}
      forwardedRef={[Function]}
      gestureResponseDistance={
        {
          "bottom": -1,
          "end": -1,
          "start": -1,
          "top": -1,
        }
      }
      nativeBackButtonDismissalEnabled={false}
      onAppear={[Function]}
      onDisappear={[Function]}
      onDismissed={[Function]}
      onGestureCancel={[Function]}
      onHeaderBackButtonClicked={[Function]}
      onNativeDismissCancelled={[Function]}
      onTransitionProgress={[Function]}
      onWillDisappear={[Function]}
      replaceAnimation="push"
      sheetAllowedDetents="large"
      sheetCornerRadius={-1}
      sheetExpandsWhenScrolledToEdge={true}
      sheetGrabberVisible={false}
      sheetLargestUndimmedDetent="all"
      stackPresentation="push"
      style={
        {
          "bottom": 0,
          "left": 0,
          "position": "absolute",
          "right": 0,
          "top": 0,
        }
      }
      swipeDirection="horizontal"
    >
      <View
        accessibilityElementsHidden={false}
        importantForAccessibility="auto"
        style={
          {
            "flex": 1,
            "flexDirection": "column-reverse",
          }
        }
      >
        <View
          collapsable={false}
          style={
            [
              {
                "flex": 1,
              },
              {
                "backgroundColor": "rgb(242, 242, 242)",
              },
              undefined,
            ]
          }
        >
          <View
            style={
              [
                undefined,
                undefined,
                {
                  "flex": 1,
                },
                undefined,
                {},
                {},
                {},
                {
                  "backgroundColor": "#f0f6fb",
                  "justifyContent": "space-between",
                  "position": "relative",
                },
              ]
            }
            testID="RFQDocPreviewScreen"
          >
            <RCTScrollView
              contentContainerStyle={
                {
                  "alignItems": undefined,
                  "flex": undefined,
                  "flexGrow": 1,
                  "gap": undefined,
                  "justifyContent": undefined,
                  "marginBottom": undefined,
                  "padding": 10,
                  "paddingVertical": undefined,
                }
              }
            >
              <View>
                <View
                  style={
                    [
                      undefined,
                      undefined,
                      undefined,
                      undefined,
                      undefined,
                      undefined,
                      undefined,
                      {
                        "bottom": 30,
                        "position": "absolute",
                        "right": 20,
                      },
                    ]
                  }
                >
                  <View
                    accessibilityState={
                      {
                        "busy": undefined,
                        "checked": undefined,
                        "disabled": undefined,
                        "expanded": undefined,
                        "selected": undefined,
                      }
                    }
                    accessibilityValue={
                      {
                        "max": undefined,
                        "min": undefined,
                        "now": undefined,
                        "text": undefined,
                      }
                    }
                    accessible={true}
                    collapsable={false}
                    focusable={true}
                    onBlur={[Function]}
                    onClick={[Function]}
                    onFocus={[Function]}
                    onResponderGrant={[Function]}
                    onResponderMove={[Function]}
                    onResponderRelease={[Function]}
                    onResponderTerminate={[Function]}
                    onResponderTerminationRequest={[Function]}
                    onStartShouldSetResponder={[Function]}
                    style={
                      {
                        "alignItems": "center",
                        "backgroundColor": "#1fcc44",
                        "borderRadius": 6,
                        "elevation": 2,
                        "flexDirection": "row",
                        "gap": 10,
                        "justifyContent": "center",
                        "paddingHorizontal": 10,
                        "paddingVertical": 6,
                      }
                    }
                    testID="SendButton"
                  >
                    <RNSVGSvgView
                      align="xMidYMid"
                      bbHeight="20"
                      bbWidth="20"
                      fill="none"
                      focusable={false}
                      height={20}
                      meetOrSlice={0}
                      minX={0}
                      minY={0}
                      style={
                        [
                          {
                            "backgroundColor": "transparent",
                            "borderWidth": 0,
                          },
                          {
                            "flex": 0,
                            "height": 20,
                            "width": 20,
                          },
                        ]
                      }
                      vbHeight={20}
                      vbWidth={20}
                      width={20}
                      xml="<svg width="20" height="20" viewBox="0 0 20 20" fill="none" xmlns="http://www.w3.org/2000/svg">
    <g clip-path="url(#clip0_699_317)">
    <path d="M2.83317 17L17.3748 10.7667C18.0498 10.475 18.0498 9.52499 17.3748 9.23333L2.83317 2.99999C2.28317 2.75833 1.67484 3.16666 1.67484 3.75833L1.6665 7.59999C1.6665 8.01666 1.97484 8.37499 2.3915 8.42499L14.1665 9.99999L2.3915 11.5667C1.97484 11.625 1.6665 11.9833 1.6665 12.4L1.67484 16.2417C1.67484 16.8333 2.28317 17.2417 2.83317 17V17Z" fill="#f0f6fb"/>
    </g>
    <defs>
    <clipPath id="clip0_699_317">
    <rect width="20" height="20" fill="white"/>
    </clipPath>
    </defs>
    </svg>        
    "
                      xmlns="http://www.w3.org/2000/svg"
                    >
                      <RNSVGGroup
                        fill={null}
                        propList={
                          [
                            "fill",
                          ]
                        }
                      >
                        <RNSVGGroup
                          clipPath="clip0_699_317"
                          fill={
                            {
                              "payload": 4278190080,
                              "type": 0,
                            }
                          }
                        >
                          <RNSVGPath
                            d="M2.83317 17L17.3748 10.7667C18.0498 10.475 18.0498 9.52499 17.3748 9.23333L2.83317 2.99999C2.28317 2.75833 1.67484 3.16666 1.67484 3.75833L1.6665 7.59999C1.6665 8.01666 1.97484 8.37499 2.3915 8.42499L14.1665 9.99999L2.3915 11.5667C1.97484 11.625 1.6665 11.9833 1.6665 12.4L1.67484 16.2417C1.67484 16.8333 2.28317 17.2417 2.83317 17V17Z"
                            fill={
                              {
                                "payload": 4293981947,
                                "type": 0,
                              }
                            }
                            propList={
                              [
                                "fill",
                              ]
                            }
                          />
                        </RNSVGGroup>
                        <RNSVGDefs>
                          <RNSVGClipPath
                            fill={
                              {
                                "payload": 4278190080,
                                "type": 0,
                              }
                            }
                            name="clip0_699_317"
                          >
                            <RNSVGRect
                              fill={
                                {
                                  "payload": 4294967295,
                                  "type": 0,
                                }
                              }
                              height="20"
                              propList={
                                [
                                  "fill",
                                ]
                              }
                              width="20"
                              x="0"
                              y="0"
                            />
                          </RNSVGClipPath>
                        </RNSVGDefs>
                      </RNSVGGroup>
                    </RNSVGSvgView>
                    <Text
                      numberOfLines={0}
                      style={
                        {
                          "borderBottomWidth": 0,
                          "borderColor": undefined,
                          "color": "#f0f6fb",
                          "fontFamily": "Kanit-Medium",
                          "fontSize": 18,
                          "lineHeight": undefined,
                          "textAlign": undefined,
                        }
                      }
                    >
                      RFQDocPreview.labelButtonRFQ
                    </Text>
                    <View
                      style={
                        [
                          undefined,
                          undefined,
                          undefined,
                          undefined,
                          undefined,
                          undefined,
                          undefined,
                          {
                            "position": "absolute",
                            "right": 20,
                          },
                        ]
                      }
                    />
                  </View>
                </View>
              </View>
            </RCTScrollView>
          </View>
        </View>
      </View>
      <RNSScreenStackHeaderConfig
        backButtonInCustomView={false}
        backTitleVisible={true}
        backgroundColor="rgb(255, 255, 255)"
        color="rgb(0, 122, 255)"
        direction="ltr"
        disableBackButtonMenu={false}
        hidden={false}
        hideBackButton={false}
        largeTitleHideShadow={false}
        title="DocPreview"
        titleColor="rgb(28, 28, 30)"
        topInsetEnabled={false}
        translucent={false}
      />
    </RNSScreen>
  </RNSScreenStack>
</RNCSafeAreaProvider>
`;
