// Jest Snapshot v1, https://goo.gl/fbAQLP

exports[`Testing ChangeLanguage Screen Snapshots should render ChangeLanguage screen correctly 1`] = `
<RNCSafeAreaProvider
  onInsetsChange={[Function]}
  style={
    {
      "flex": 1,
    }
  }
>
  <RNSScreenStack
    style={
      {
        "flex": 1,
      }
    }
  >
    <RNSScreen
      collapsable={false}
      forwardedRef={[Function]}
      gestureResponseDistance={
        {
          "bottom": -1,
          "end": -1,
          "start": -1,
          "top": -1,
        }
      }
      nativeBackButtonDismissalEnabled={false}
      onAppear={[Function]}
      onDisappear={[Function]}
      onDismissed={[Function]}
      onGestureCancel={[Function]}
      onHeaderBackButtonClicked={[Function]}
      onNativeDismissCancelled={[Function]}
      onTransitionProgress={[Function]}
      onWillDisappear={[Function]}
      replaceAnimation="push"
      sheetAllowedDetents="large"
      sheetCornerRadius={-1}
      sheetExpandsWhenScrolledToEdge={true}
      sheetGrabberVisible={false}
      sheetLargestUndimmedDetent="all"
      stackPresentation="push"
      style={
        {
          "bottom": 0,
          "left": 0,
          "position": "absolute",
          "right": 0,
          "top": 0,
        }
      }
      swipeDirection="horizontal"
    >
      <View
        accessibilityElementsHidden={false}
        importantForAccessibility="auto"
        style={
          {
            "flex": 1,
            "flexDirection": "column-reverse",
          }
        }
      >
        <View
          collapsable={false}
          style={
            [
              {
                "flex": 1,
              },
              {
                "backgroundColor": "rgb(242, 242, 242)",
              },
              undefined,
            ]
          }
        >
          <View
            style={
              [
                undefined,
                undefined,
                {
                  "flex": 1,
                },
                undefined,
                {},
                {},
                {},
                {
                  "backgroundColor": "#f0f6fb",
                  "justifyContent": "space-between",
                  "position": "relative",
                },
              ]
            }
            testID="ChangeLanguageScreen"
          >
            <RCTScrollView
              contentContainerStyle={
                {
                  "alignItems": undefined,
                  "flex": undefined,
                  "flexGrow": 1,
                  "gap": undefined,
                  "justifyContent": undefined,
                  "marginBottom": undefined,
                  "padding": 20,
                  "paddingVertical": undefined,
                }
              }
            >
              <View>
                <View
                  style={
                    [
                      undefined,
                      undefined,
                      undefined,
                      undefined,
                      undefined,
                      undefined,
                      undefined,
                      {
                        "alignItems": "flex-start",
                      },
                    ]
                  }
                >
                  <Text
                    style={
                      [
                        {
                          "backgroundColor": "transparent",
                          "color": "#20303C",
                          "writingDirection": "ltr",
                        },
                        undefined,
                        undefined,
                        undefined,
                        undefined,
                        undefined,
                        undefined,
                        undefined,
                        undefined,
                        {
                          "fontFamily": "Kanit-Regular",
                          "fontSize": 16,
                        },
                      ]
                    }
                  >
                    ChangeLanguage.textSelectLanguage
                  </Text>
                </View>
                <View
                  style={
                    [
                      undefined,
                      undefined,
                      undefined,
                      undefined,
                      undefined,
                      undefined,
                      undefined,
                      {
                        "gap": 10,
                        "marginTop": 10,
                      },
                    ]
                  }
                >
                  <View
                    accessibilityState={
                      {
                        "busy": undefined,
                        "checked": undefined,
                        "disabled": false,
                        "expanded": undefined,
                        "selected": undefined,
                      }
                    }
                    accessibilityValue={
                      {
                        "max": undefined,
                        "min": undefined,
                        "now": undefined,
                        "text": undefined,
                      }
                    }
                    accessible={true}
                    collapsable={false}
                    focusable={true}
                    onBlur={[Function]}
                    onClick={[Function]}
                    onFocus={[Function]}
                    onResponderGrant={[Function]}
                    onResponderMove={[Function]}
                    onResponderRelease={[Function]}
                    onResponderTerminate={[Function]}
                    onResponderTerminationRequest={[Function]}
                    onStartShouldSetResponder={[Function]}
                    style={
                      {
                        "alignItems": "center",
                        "backgroundColor": "#216dab",
                        "borderRadius": 6,
                        "elevation": 2,
                        "flexDirection": "row",
                        "gap": 0,
                        "justifyContent": "center",
                        "paddingHorizontal": 10,
                        "paddingVertical": 6,
                      }
                    }
                    testID="englishButton"
                  >
                    <Text
                      numberOfLines={0}
                      style={
                        {
                          "borderBottomWidth": 0,
                          "borderColor": undefined,
                          "color": "#f0f6fb",
                          "fontFamily": "Kanit-Medium",
                          "fontSize": 18,
                          "lineHeight": undefined,
                          "textAlign": undefined,
                        }
                      }
                    >
                      English
                    </Text>
                    <View
                      style={
                        [
                          undefined,
                          undefined,
                          undefined,
                          undefined,
                          undefined,
                          undefined,
                          undefined,
                          {
                            "position": "absolute",
                            "right": 20,
                          },
                        ]
                      }
                    />
                  </View>
                  <View
                    accessibilityState={
                      {
                        "busy": undefined,
                        "checked": undefined,
                        "disabled": false,
                        "expanded": undefined,
                        "selected": undefined,
                      }
                    }
                    accessibilityValue={
                      {
                        "max": undefined,
                        "min": undefined,
                        "now": undefined,
                        "text": undefined,
                      }
                    }
                    accessible={true}
                    collapsable={false}
                    focusable={true}
                    onBlur={[Function]}
                    onClick={[Function]}
                    onFocus={[Function]}
                    onResponderGrant={[Function]}
                    onResponderMove={[Function]}
                    onResponderRelease={[Function]}
                    onResponderTerminate={[Function]}
                    onResponderTerminationRequest={[Function]}
                    onStartShouldSetResponder={[Function]}
                    style={
                      {
                        "alignItems": "center",
                        "backgroundColor": "#216dab",
                        "borderRadius": 6,
                        "elevation": 2,
                        "flexDirection": "row",
                        "gap": 0,
                        "justifyContent": "center",
                        "paddingHorizontal": 10,
                        "paddingVertical": 6,
                      }
                    }
                    testID="bahasaButton"
                  >
                    <Text
                      numberOfLines={0}
                      style={
                        {
                          "borderBottomWidth": 0,
                          "borderColor": undefined,
                          "color": "#f0f6fb",
                          "fontFamily": "Kanit-Medium",
                          "fontSize": 18,
                          "lineHeight": undefined,
                          "textAlign": undefined,
                        }
                      }
                    >
                      Bahasa Indonesia
                    </Text>
                    <View
                      style={
                        [
                          undefined,
                          undefined,
                          undefined,
                          undefined,
                          undefined,
                          undefined,
                          undefined,
                          {
                            "position": "absolute",
                            "right": 20,
                          },
                        ]
                      }
                    />
                  </View>
                </View>
              </View>
            </RCTScrollView>
          </View>
        </View>
      </View>
      <RNSScreenStackHeaderConfig
        backButtonInCustomView={false}
        backTitleVisible={true}
        backgroundColor="rgb(255, 255, 255)"
        color="rgb(0, 122, 255)"
        direction="ltr"
        disableBackButtonMenu={false}
        hidden={false}
        hideBackButton={false}
        largeTitleHideShadow={false}
        title="ChangeLanguage"
        titleColor="rgb(28, 28, 30)"
        topInsetEnabled={false}
        translucent={false}
      />
    </RNSScreen>
  </RNSScreenStack>
</RNCSafeAreaProvider>
`;
