// Jest Snapshot v1, https://goo.gl/fbAQLP

exports[`Testing RFQ add template screen Snapshot testing should render RFQ add template screen correctly 1`] = `
<RNCSafeAreaProvider
  onInsetsChange={[Function]}
  style={
    {
      "flex": 1,
    }
  }
>
  <RNSScreenStack
    style={
      {
        "flex": 1,
      }
    }
  >
    <RNSScreen
      collapsable={false}
      forwardedRef={[Function]}
      gestureResponseDistance={
        {
          "bottom": -1,
          "end": -1,
          "start": -1,
          "top": -1,
        }
      }
      nativeBackButtonDismissalEnabled={false}
      onAppear={[Function]}
      onDisappear={[Function]}
      onDismissed={[Function]}
      onGestureCancel={[Function]}
      onHeaderBackButtonClicked={[Function]}
      onNativeDismissCancelled={[Function]}
      onTransitionProgress={[Function]}
      onWillDisappear={[Function]}
      replaceAnimation="push"
      sheetAllowedDetents="large"
      sheetCornerRadius={-1}
      sheetExpandsWhenScrolledToEdge={true}
      sheetGrabberVisible={false}
      sheetLargestUndimmedDetent="all"
      stackPresentation="push"
      style={
        {
          "bottom": 0,
          "left": 0,
          "position": "absolute",
          "right": 0,
          "top": 0,
        }
      }
      swipeDirection="horizontal"
    >
      <View
        accessibilityElementsHidden={false}
        importantForAccessibility="auto"
        style={
          {
            "flex": 1,
            "flexDirection": "column-reverse",
          }
        }
      >
        <View
          collapsable={false}
          style={
            [
              {
                "flex": 1,
              },
              {
                "backgroundColor": "rgb(242, 242, 242)",
              },
              undefined,
            ]
          }
        >
          <View
            style={
              [
                undefined,
                undefined,
                {
                  "flex": 1,
                },
                undefined,
                {},
                {},
                {},
                {
                  "backgroundColor": "#f0f6fb",
                  "justifyContent": "space-between",
                  "position": "relative",
                },
              ]
            }
            testID="AddRfqTemplate"
          >
            <RCTScrollView
              contentContainerStyle={
                {
                  "alignItems": undefined,
                  "flex": undefined,
                  "flexGrow": 1,
                  "gap": 10,
                  "justifyContent": undefined,
                  "marginBottom": undefined,
                  "padding": 10,
                  "paddingVertical": undefined,
                }
              }
            >
              <View>
                <View
                  style={
                    [
                      undefined,
                      undefined,
                      undefined,
                      undefined,
                      undefined,
                      undefined,
                      undefined,
                      {
                        "alignItems": "center",
                        "marginVertical": 8,
                      },
                    ]
                  }
                >
                  <Text
                    numberOfLines={0}
                    style={
                      {
                        "borderBottomWidth": 0,
                        "borderColor": undefined,
                        "color": "#4d5963",
                        "fontFamily": "Kanit-SemiBold",
                        "fontSize": 16,
                        "lineHeight": undefined,
                        "textAlign": undefined,
                      }
                    }
                  >
                    Please enter the ship type for the new RFQ template
                  </Text>
                </View>
                <View
                  style={
                    [
                      undefined,
                      undefined,
                      undefined,
                      undefined,
                      undefined,
                      undefined,
                      undefined,
                      {
                        "paddingLeft": 10,
                      },
                    ]
                  }
                >
                  <Text
                    style={
                      [
                        {
                          "backgroundColor": "transparent",
                          "color": "#20303C",
                          "writingDirection": "ltr",
                        },
                        undefined,
                        undefined,
                        undefined,
                        undefined,
                        undefined,
                        undefined,
                        undefined,
                        undefined,
                        {
                          "color": "#216dab",
                          "fontFamily": "Kanit-Medium",
                          "fontSize": 22,
                          "marginBottom": 10,
                        },
                      ]
                    }
                  >
                    Select Template Type:
                  </Text>
                  <View
                    style={
                      [
                        {
                          "width": "100%",
                        },
                        {
                          "zIndex": 5000,
                        },
                        {},
                      ]
                    }
                  >
                    <View
                      accessibilityState={
                        {
                          "busy": undefined,
                          "checked": undefined,
                          "disabled": false,
                          "expanded": undefined,
                          "selected": undefined,
                        }
                      }
                      accessibilityValue={
                        {
                          "max": undefined,
                          "min": undefined,
                          "now": undefined,
                          "text": undefined,
                        }
                      }
                      accessible={true}
                      collapsable={false}
                      focusable={true}
                      forwardedRef={[Function]}
                      onClick={[Function]}
                      onLayout={[Function]}
                      onResponderGrant={[Function]}
                      onResponderMove={[Function]}
                      onResponderRelease={[Function]}
                      onResponderTerminate={[Function]}
                      onResponderTerminationRequest={[Function]}
                      onStartShouldSetResponder={[Function]}
                      style={
                        {
                          "alignItems": "center",
                          "backgroundColor": "#f0f6fb",
                          "borderColor": "#dbdee0",
                          "borderRadius": 8,
                          "borderWidth": 1,
                          "elevation": 2,
                          "flexDirection": "row",
                          "justifyContent": "space-between",
                          "minHeight": 50,
                          "opacity": 1,
                          "paddingHorizontal": 10,
                          "paddingVertical": 3,
                          "width": "100%",
                          "zIndex": 5000,
                        }
                      }
                      testID="template-picker"
                    >
                      <Text
                        style={
                          [
                            {
                              "color": "#000",
                              "flex": 1,
                            },
                            {},
                            false,
                            {
                              "color": "#216dab",
                              "fontFamily": "Kanit-Regular",
                            },
                          ]
                        }
                      >
                        Select an item
                      </Text>
                      <View
                        style={
                          [
                            {
                              "marginLeft": 10,
                            },
                            {},
                          ]
                        }
                      >
                        <Image
                          source={
                            {
                              "testUri": "../../react-native-dropdown-picker/src/themes/light/icons/arrow-down.png",
                            }
                          }
                          style={
                            [
                              {
                                "height": 20,
                                "width": 20,
                              },
                              {},
                            ]
                          }
                        />
                      </View>
                    </View>
                    <Modal
                      animationType="slide"
                      hardwareAccelerated={false}
                      onRequestClose={[Function]}
                      presentationStyle="fullScreen"
                      visible={false}
                    />
                  </View>
                </View>
                <View
                  flexG-1={true}
                  marginB-30={true}
                  style={
                    [
                      undefined,
                      undefined,
                      {
                        "flexGrow": 1,
                      },
                      undefined,
                      {},
                      {
                        "marginBottom": 30,
                      },
                      {},
                      {
                        "justifyContent": "flex-end",
                      },
                    ]
                  }
                >
                  <View
                    accessibilityState={
                      {
                        "busy": undefined,
                        "checked": undefined,
                        "disabled": undefined,
                        "expanded": undefined,
                        "selected": undefined,
                      }
                    }
                    accessibilityValue={
                      {
                        "max": undefined,
                        "min": undefined,
                        "now": undefined,
                        "text": undefined,
                      }
                    }
                    accessible={true}
                    collapsable={false}
                    focusable={true}
                    onBlur={[Function]}
                    onClick={[Function]}
                    onFocus={[Function]}
                    onResponderGrant={[Function]}
                    onResponderMove={[Function]}
                    onResponderRelease={[Function]}
                    onResponderTerminate={[Function]}
                    onResponderTerminationRequest={[Function]}
                    onStartShouldSetResponder={[Function]}
                    style={
                      {
                        "alignItems": "center",
                        "backgroundColor": "#216dab",
                        "borderRadius": 6,
                        "elevation": 2,
                        "flexDirection": "row",
                        "gap": 0,
                        "justifyContent": "center",
                        "paddingHorizontal": 10,
                        "paddingVertical": 6,
                      }
                    }
                    testID="submit-btn"
                  >
                    <Text
                      numberOfLines={0}
                      style={
                        {
                          "borderBottomWidth": 0,
                          "borderColor": undefined,
                          "color": "#f0f6fb",
                          "fontFamily": "Kanit-Medium",
                          "fontSize": 18,
                          "lineHeight": undefined,
                          "textAlign": undefined,
                        }
                      }
                    >
                      Add New RFQ Template
                    </Text>
                    <View
                      style={
                        [
                          undefined,
                          undefined,
                          undefined,
                          undefined,
                          undefined,
                          undefined,
                          undefined,
                          {
                            "position": "absolute",
                            "right": 20,
                          },
                        ]
                      }
                    />
                  </View>
                </View>
              </View>
            </RCTScrollView>
          </View>
        </View>
      </View>
      <RNSScreenStackHeaderConfig
        backButtonInCustomView={false}
        backTitleVisible={true}
        backgroundColor="rgb(255, 255, 255)"
        color="rgb(0, 122, 255)"
        direction="ltr"
        disableBackButtonMenu={false}
        hidden={false}
        hideBackButton={false}
        largeTitleHideShadow={false}
        title="AddRfqTemplate"
        titleColor="rgb(28, 28, 30)"
        topInsetEnabled={false}
        translucent={false}
      />
    </RNSScreen>
  </RNSScreenStack>
</RNCSafeAreaProvider>
`;
