// Jest Snapshot v1, https://goo.gl/fbAQLP

exports[`Testing user detail screen Snapshot testing should render user detail screen correctly 1`] = `
<RNCSafeAreaProvider
  onInsetsChange={[Function]}
  style={
    {
      "flex": 1,
    }
  }
>
  <RNSScreenStack
    style={
      {
        "flex": 1,
      }
    }
  >
    <RNSScreen
      collapsable={false}
      forwardedRef={[Function]}
      gestureResponseDistance={
        {
          "bottom": -1,
          "end": -1,
          "start": -1,
          "top": -1,
        }
      }
      nativeBackButtonDismissalEnabled={false}
      onAppear={[Function]}
      onDisappear={[Function]}
      onDismissed={[Function]}
      onGestureCancel={[Function]}
      onHeaderBackButtonClicked={[Function]}
      onNativeDismissCancelled={[Function]}
      onTransitionProgress={[Function]}
      onWillDisappear={[Function]}
      replaceAnimation="push"
      sheetAllowedDetents="large"
      sheetCornerRadius={-1}
      sheetExpandsWhenScrolledToEdge={true}
      sheetGrabberVisible={false}
      sheetLargestUndimmedDetent="all"
      stackPresentation="push"
      style={
        {
          "bottom": 0,
          "left": 0,
          "position": "absolute",
          "right": 0,
          "top": 0,
        }
      }
      swipeDirection="horizontal"
    >
      <View
        accessibilityElementsHidden={false}
        importantForAccessibility="auto"
        style={
          {
            "flex": 1,
            "flexDirection": "column-reverse",
          }
        }
      >
        <View
          collapsable={false}
          style={
            [
              {
                "flex": 1,
              },
              {
                "backgroundColor": "rgb(242, 242, 242)",
              },
              undefined,
            ]
          }
        >
          <View
            style={
              [
                undefined,
                undefined,
                {
                  "flex": 1,
                },
                undefined,
                {},
                {},
                {},
                {
                  "backgroundColor": "#f0f6fb",
                  "justifyContent": "space-between",
                  "position": "relative",
                },
              ]
            }
            testID="adminUserDetail"
          >
            <RCTScrollView
              contentContainerStyle={
                {
                  "alignItems": undefined,
                  "flex": undefined,
                  "flexGrow": 1,
                  "gap": undefined,
                  "justifyContent": undefined,
                  "marginBottom": undefined,
                  "padding": undefined,
                  "paddingVertical": undefined,
                }
              }
            >
              <View>
                <View
                  center={true}
                  paddingB-8={true}
                  paddingH-12={true}
                  paddingV-12={true}
                  style={
                    [
                      undefined,
                      undefined,
                      undefined,
                      undefined,
                      {
                        "paddingBottom": 8,
                        "paddingHorizontal": 12,
                        "paddingVertical": 12,
                      },
                      {},
                      {
                        "alignItems": "center",
                        "justifyContent": "center",
                      },
                      {
                        "backgroundColor": "#216dab",
                        "borderBottomColor": "#216dab",
                        "borderBottomWidth": 1,
                      },
                    ]
                  }
                >
                  <View
                    accessibilityLabel="Avatar"
                    accessibilityRole="image"
                    accessible={false}
                    style={
                      [
                        undefined,
                        undefined,
                        undefined,
                        undefined,
                        undefined,
                        undefined,
                        undefined,
                        [
                          {
                            "alignItems": "center",
                            "borderRadius": 999,
                            "height": 100,
                            "justifyContent": "center",
                            "width": 100,
                          },
                          undefined,
                        ],
                      ]
                    }
                  >
                    <View
                      style={
                        [
                          undefined,
                          undefined,
                          undefined,
                          undefined,
                          undefined,
                          undefined,
                          undefined,
                          [
                            {
                              "alignItems": "center",
                              "borderRadius": 999,
                              "bottom": 0,
                              "justifyContent": "center",
                              "left": 0,
                              "position": "absolute",
                              "right": 0,
                              "top": 0,
                            },
                            {
                              "backgroundColor": "#0F59E6",
                            },
                            false,
                          ],
                        ]
                      }
                      testID="undefined.container"
                    >
                      <Text
                        numberOfLines={1}
                        style={
                          [
                            {
                              "backgroundColor": "transparent",
                              "color": "#20303C",
                              "writingDirection": "ltr",
                            },
                            undefined,
                            undefined,
                            undefined,
                            undefined,
                            undefined,
                            undefined,
                            undefined,
                            undefined,
                            [
                              {
                                "fontFamily": "System",
                                "fontSize": 28,
                                "fontWeight": "800",
                                "lineHeight": 32,
                              },
                              {
                                "backgroundColor": "transparent",
                                "color": "#20303C",
                                "lineHeight": undefined,
                              },
                              {
                                "color": "#20303C",
                              },
                            ],
                          ]
                        }
                        testID="undefined.label"
                      >
                        A
                      </Text>
                    </View>
                  </View>
                  <Text
                    numberOfLines={0}
                    style={
                      {
                        "borderBottomWidth": 0,
                        "borderColor": undefined,
                        "color": "#f0f6fb",
                        "fontFamily": "Kanit-Bold",
                        "fontSize": 26,
                        "lineHeight": undefined,
                        "textAlign": undefined,
                      }
                    }
                  >
                    Alma
                  </Text>
                  <Text
                    numberOfLines={0}
                    style={
                      {
                        "borderBottomWidth": 0,
                        "borderColor": undefined,
                        "color": "#f0f6fb",
                        "fontFamily": "Kanit-Regular",
                        "fontSize": 18,
                        "lineHeight": undefined,
                        "textAlign": undefined,
                      }
                    }
                  >
                    renter
                  </Text>
                </View>
                <View
                  flex-1={true}
                  paddingH-8={true}
                  paddingT-8={true}
                  style={
                    [
                      undefined,
                      undefined,
                      {
                        "flex": 1,
                      },
                      undefined,
                      {
                        "paddingHorizontal": 8,
                        "paddingTop": 8,
                      },
                      {},
                      {},
                      undefined,
                    ]
                  }
                >
                  <View
                    marginB-8={true}
                    style={
                      [
                        undefined,
                        undefined,
                        undefined,
                        undefined,
                        {},
                        {
                          "marginBottom": 8,
                        },
                        {},
                        undefined,
                      ]
                    }
                  >
                    <View
                      row={true}
                      style={
                        [
                          undefined,
                          undefined,
                          undefined,
                          undefined,
                          {},
                          {},
                          {
                            "flexDirection": "row",
                          },
                          {
                            "alignItems": "center",
                          },
                        ]
                      }
                    >
                      <Text
                        numberOfLines={0}
                        style={
                          {
                            "borderBottomWidth": 0,
                            "borderColor": undefined,
                            "color": "#216dab",
                            "fontFamily": "Kanit-Bold",
                            "fontSize": 22,
                            "lineHeight": undefined,
                            "textAlign": undefined,
                          }
                        }
                      >
                        Email
                      </Text>
                      <View
                        marginL-5={true}
                        style={
                          [
                            undefined,
                            undefined,
                            undefined,
                            undefined,
                            {},
                            {
                              "marginLeft": 5,
                            },
                            {},
                            undefined,
                          ]
                        }
                      >
                        <RNSVGSvgView
                          align="xMidYMid"
                          bbHeight="24"
                          bbWidth="24"
                          fill="none"
                          focusable={false}
                          height={24}
                          meetOrSlice={0}
                          minX={0}
                          minY={0}
                          style={
                            [
                              {
                                "backgroundColor": "transparent",
                                "borderWidth": 0,
                              },
                              {
                                "flex": 0,
                                "height": 24,
                                "width": 24,
                              },
                            ]
                          }
                          vbHeight={24}
                          vbWidth={24}
                          width={24}
                          xml="<svg width="24" height="24" viewBox="0 0 24 24" fill="none" xmlns="http://www.w3.org/2000/svg">
    <g clip-path="url(#clip0_827_317)">
    <path d="M12 2C6.48 2 2 6.48 2 12C2 17.52 6.48 22 12 22C17.52 22 22 17.52 22 12C22 6.48 17.52 2 12 2ZM9.29 16.29L5.7 12.7C5.31 12.31 5.31 11.68 5.7 11.29C6.09 10.9 6.72 10.9 7.11 11.29L10 14.17L16.88 7.29C17.27 6.9 17.9 6.9 18.29 7.29C18.68 7.68 18.68 8.31 18.29 8.7L10.7 16.29C10.32 16.68 9.68 16.68 9.29 16.29Z" fill="#1FCC44"/>
    </g>
    <defs>
    <clipPath id="clip0_827_317">
    <rect width="24" height="24" fill="white"/>
    </clipPath>
    </defs>
    </svg>                
        "
                          xmlns="http://www.w3.org/2000/svg"
                        >
                          <RNSVGGroup
                            fill={null}
                            propList={
                              [
                                "fill",
                              ]
                            }
                          >
                            <RNSVGGroup
                              clipPath="clip0_827_317"
                              fill={
                                {
                                  "payload": 4278190080,
                                  "type": 0,
                                }
                              }
                            >
                              <RNSVGPath
                                d="M12 2C6.48 2 2 6.48 2 12C2 17.52 6.48 22 12 22C17.52 22 22 17.52 22 12C22 6.48 17.52 2 12 2ZM9.29 16.29L5.7 12.7C5.31 12.31 5.31 11.68 5.7 11.29C6.09 10.9 6.72 10.9 7.11 11.29L10 14.17L16.88 7.29C17.27 6.9 17.9 6.9 18.29 7.29C18.68 7.68 18.68 8.31 18.29 8.7L10.7 16.29C10.32 16.68 9.68 16.68 9.29 16.29Z"
                                fill={
                                  {
                                    "payload": 4280273988,
                                    "type": 0,
                                  }
                                }
                                propList={
                                  [
                                    "fill",
                                  ]
                                }
                              />
                            </RNSVGGroup>
                            <RNSVGDefs>
                              <RNSVGClipPath
                                fill={
                                  {
                                    "payload": 4278190080,
                                    "type": 0,
                                  }
                                }
                                name="clip0_827_317"
                              >
                                <RNSVGRect
                                  fill={
                                    {
                                      "payload": 4294967295,
                                      "type": 0,
                                    }
                                  }
                                  height="24"
                                  propList={
                                    [
                                      "fill",
                                    ]
                                  }
                                  width="24"
                                  x="0"
                                  y="0"
                                />
                              </RNSVGClipPath>
                            </RNSVGDefs>
                          </RNSVGGroup>
                        </RNSVGSvgView>
                      </View>
                    </View>
                    <Text
                      numberOfLines={0}
                      style={
                        {
                          "borderBottomWidth": 0,
                          "borderColor": undefined,
                          "color": "#4d5963",
                          "fontFamily": "Kanit-Regular",
                          "fontSize": 18,
                          "lineHeight": undefined,
                          "textAlign": undefined,
                        }
                      }
                    >
                      alma@mail.com
                    </Text>
                  </View>
                  <View
                    marginB-8={true}
                    style={
                      [
                        undefined,
                        undefined,
                        undefined,
                        undefined,
                        {},
                        {
                          "marginBottom": 8,
                        },
                        {},
                        undefined,
                      ]
                    }
                  >
                    <View
                      row={true}
                      style={
                        [
                          undefined,
                          undefined,
                          undefined,
                          undefined,
                          {},
                          {},
                          {
                            "flexDirection": "row",
                          },
                          {
                            "alignItems": "center",
                          },
                        ]
                      }
                    >
                      <Text
                        numberOfLines={0}
                        style={
                          {
                            "borderBottomWidth": 0,
                            "borderColor": undefined,
                            "color": "#216dab",
                            "fontFamily": "Kanit-Bold",
                            "fontSize": 22,
                            "lineHeight": undefined,
                            "textAlign": undefined,
                          }
                        }
                      >
                        phoneNumber
                      </Text>
                      <View
                        marginL-5={true}
                        style={
                          [
                            undefined,
                            undefined,
                            undefined,
                            undefined,
                            {},
                            {
                              "marginLeft": 5,
                            },
                            {},
                            undefined,
                          ]
                        }
                      >
                        <RNSVGSvgView
                          align="xMidYMid"
                          bbHeight="24"
                          bbWidth="24"
                          fill="none"
                          focusable={false}
                          height={24}
                          meetOrSlice={0}
                          minX={0}
                          minY={0}
                          style={
                            [
                              {
                                "backgroundColor": "transparent",
                                "borderWidth": 0,
                              },
                              {
                                "flex": 0,
                                "height": 24,
                                "width": 24,
                              },
                            ]
                          }
                          vbHeight={24}
                          vbWidth={24}
                          width={24}
                          xml="<svg width="24" height="24" viewBox="0 0 24 24" fill="none" xmlns="http://www.w3.org/2000/svg">
    <g clip-path="url(#clip0_827_317)">
    <path d="M12 2C6.48 2 2 6.48 2 12C2 17.52 6.48 22 12 22C17.52 22 22 17.52 22 12C22 6.48 17.52 2 12 2ZM9.29 16.29L5.7 12.7C5.31 12.31 5.31 11.68 5.7 11.29C6.09 10.9 6.72 10.9 7.11 11.29L10 14.17L16.88 7.29C17.27 6.9 17.9 6.9 18.29 7.29C18.68 7.68 18.68 8.31 18.29 8.7L10.7 16.29C10.32 16.68 9.68 16.68 9.29 16.29Z" fill="#1FCC44"/>
    </g>
    <defs>
    <clipPath id="clip0_827_317">
    <rect width="24" height="24" fill="white"/>
    </clipPath>
    </defs>
    </svg>                
        "
                          xmlns="http://www.w3.org/2000/svg"
                        >
                          <RNSVGGroup
                            fill={null}
                            propList={
                              [
                                "fill",
                              ]
                            }
                          >
                            <RNSVGGroup
                              clipPath="clip0_827_317"
                              fill={
                                {
                                  "payload": 4278190080,
                                  "type": 0,
                                }
                              }
                            >
                              <RNSVGPath
                                d="M12 2C6.48 2 2 6.48 2 12C2 17.52 6.48 22 12 22C17.52 22 22 17.52 22 12C22 6.48 17.52 2 12 2ZM9.29 16.29L5.7 12.7C5.31 12.31 5.31 11.68 5.7 11.29C6.09 10.9 6.72 10.9 7.11 11.29L10 14.17L16.88 7.29C17.27 6.9 17.9 6.9 18.29 7.29C18.68 7.68 18.68 8.31 18.29 8.7L10.7 16.29C10.32 16.68 9.68 16.68 9.29 16.29Z"
                                fill={
                                  {
                                    "payload": 4280273988,
                                    "type": 0,
                                  }
                                }
                                propList={
                                  [
                                    "fill",
                                  ]
                                }
                              />
                            </RNSVGGroup>
                            <RNSVGDefs>
                              <RNSVGClipPath
                                fill={
                                  {
                                    "payload": 4278190080,
                                    "type": 0,
                                  }
                                }
                                name="clip0_827_317"
                              >
                                <RNSVGRect
                                  fill={
                                    {
                                      "payload": 4294967295,
                                      "type": 0,
                                    }
                                  }
                                  height="24"
                                  propList={
                                    [
                                      "fill",
                                    ]
                                  }
                                  width="24"
                                  x="0"
                                  y="0"
                                />
                              </RNSVGClipPath>
                            </RNSVGDefs>
                          </RNSVGGroup>
                        </RNSVGSvgView>
                      </View>
                    </View>
                    <Text
                      numberOfLines={0}
                      style={
                        {
                          "borderBottomWidth": 0,
                          "borderColor": undefined,
                          "color": "#4d5963",
                          "fontFamily": "Kanit-Regular",
                          "fontSize": 18,
                          "lineHeight": undefined,
                          "textAlign": undefined,
                        }
                      }
                    >
                      0812345674
                    </Text>
                  </View>
                  <View
                    marginB-8={true}
                    style={
                      [
                        undefined,
                        undefined,
                        undefined,
                        undefined,
                        {},
                        {
                          "marginBottom": 8,
                        },
                        {},
                        undefined,
                      ]
                    }
                  >
                    <Text
                      numberOfLines={0}
                      style={
                        {
                          "borderBottomWidth": 0,
                          "borderColor": undefined,
                          "color": "#216dab",
                          "fontFamily": "Kanit-Bold",
                          "fontSize": 22,
                          "lineHeight": undefined,
                          "textAlign": undefined,
                        }
                      }
                    >
                      companyName
                    </Text>
                    <Text
                      numberOfLines={0}
                      style={
                        {
                          "borderBottomWidth": 0,
                          "borderColor": undefined,
                          "color": "#4d5963",
                          "fontFamily": "Kanit-Regular",
                          "fontSize": 18,
                          "lineHeight": undefined,
                          "textAlign": undefined,
                        }
                      }
                    >
                      alma company
                    </Text>
                  </View>
                  <View
                    marginB-8={true}
                    style={
                      [
                        undefined,
                        undefined,
                        undefined,
                        undefined,
                        {},
                        {
                          "marginBottom": 8,
                        },
                        {},
                        undefined,
                      ]
                    }
                  >
                    <Text
                      numberOfLines={0}
                      style={
                        {
                          "borderBottomWidth": 0,
                          "borderColor": undefined,
                          "color": "#216dab",
                          "fontFamily": "Kanit-Bold",
                          "fontSize": 22,
                          "lineHeight": undefined,
                          "textAlign": undefined,
                        }
                      }
                    >
                      companyAddress
                    </Text>
                    <Text
                      numberOfLines={0}
                      style={
                        {
                          "borderBottomWidth": 0,
                          "borderColor": undefined,
                          "color": "#4d5963",
                          "fontFamily": "Kanit-Regular",
                          "fontSize": 18,
                          "lineHeight": undefined,
                          "textAlign": undefined,
                        }
                      }
                    >
                      pahlawan street
                    </Text>
                  </View>
                  <View
                    flexG-1={true}
                    marginB-30={true}
                    style={
                      [
                        undefined,
                        undefined,
                        {
                          "flexGrow": 1,
                        },
                        undefined,
                        {},
                        {
                          "marginBottom": 30,
                        },
                        {},
                        {
                          "justifyContent": "flex-end",
                        },
                      ]
                    }
                  >
                    <View
                      accessibilityState={
                        {
                          "busy": undefined,
                          "checked": undefined,
                          "disabled": undefined,
                          "expanded": undefined,
                          "selected": undefined,
                        }
                      }
                      accessibilityValue={
                        {
                          "max": undefined,
                          "min": undefined,
                          "now": undefined,
                          "text": undefined,
                        }
                      }
                      accessible={true}
                      collapsable={false}
                      focusable={true}
                      onBlur={[Function]}
                      onClick={[Function]}
                      onFocus={[Function]}
                      onResponderGrant={[Function]}
                      onResponderMove={[Function]}
                      onResponderRelease={[Function]}
                      onResponderTerminate={[Function]}
                      onResponderTerminationRequest={[Function]}
                      onStartShouldSetResponder={[Function]}
                      style={
                        {
                          "alignItems": "center",
                          "backgroundColor": "#216dab",
                          "borderRadius": 6,
                          "elevation": 2,
                          "flexDirection": "row",
                          "gap": 0,
                          "justifyContent": "center",
                          "paddingHorizontal": 10,
                          "paddingVertical": 6,
                        }
                      }
                      testID="activate-button"
                    >
                      <Text
                        numberOfLines={0}
                        style={
                          {
                            "borderBottomWidth": 0,
                            "borderColor": undefined,
                            "color": "#f0f6fb",
                            "fontFamily": "Kanit-Medium",
                            "fontSize": 18,
                            "lineHeight": undefined,
                            "textAlign": undefined,
                          }
                        }
                      >
                        inactiveUser
                      </Text>
                      <View
                        style={
                          [
                            undefined,
                            undefined,
                            undefined,
                            undefined,
                            undefined,
                            undefined,
                            undefined,
                            {
                              "position": "absolute",
                              "right": 20,
                            },
                          ]
                        }
                      />
                    </View>
                  </View>
                </View>
                <Modal
                  animationType="slide"
                  hardwareAccelerated={false}
                  onRequestClose={[Function]}
                  transparent={true}
                  visible={false}
                />
              </View>
            </RCTScrollView>
          </View>
        </View>
      </View>
      <RNSScreenStackHeaderConfig
        backButtonInCustomView={false}
        backTitleVisible={true}
        backgroundColor="rgb(255, 255, 255)"
        color="rgb(0, 122, 255)"
        direction="ltr"
        disableBackButtonMenu={false}
        hidden={false}
        hideBackButton={false}
        largeTitleHideShadow={false}
        title="UserDetail"
        titleColor="rgb(28, 28, 30)"
        topInsetEnabled={false}
        translucent={false}
      />
    </RNSScreen>
  </RNSScreenStack>
</RNCSafeAreaProvider>
`;
