// Jest Snapshot v1, https://goo.gl/fbAQLP

exports[`Testing About Us Screen Snapshot Testing should render About Us Screen correctly 1`] = `
<RNCSafeAreaProvider
  onInsetsChange={[Function]}
  style={
    {
      "flex": 1,
    }
  }
>
  <RNSScreenStack
    style={
      {
        "flex": 1,
      }
    }
  >
    <RNSScreen
      collapsable={false}
      forwardedRef={[Function]}
      gestureResponseDistance={
        {
          "bottom": -1,
          "end": -1,
          "start": -1,
          "top": -1,
        }
      }
      nativeBackButtonDismissalEnabled={false}
      onAppear={[Function]}
      onDisappear={[Function]}
      onDismissed={[Function]}
      onGestureCancel={[Function]}
      onHeaderBackButtonClicked={[Function]}
      onNativeDismissCancelled={[Function]}
      onTransitionProgress={[Function]}
      onWillDisappear={[Function]}
      replaceAnimation="push"
      sheetAllowedDetents="large"
      sheetCornerRadius={-1}
      sheetExpandsWhenScrolledToEdge={true}
      sheetGrabberVisible={false}
      sheetLargestUndimmedDetent="all"
      stackPresentation="push"
      style={
        {
          "bottom": 0,
          "left": 0,
          "position": "absolute",
          "right": 0,
          "top": 0,
        }
      }
      swipeDirection="horizontal"
    >
      <View
        accessibilityElementsHidden={false}
        importantForAccessibility="auto"
        style={
          {
            "flex": 1,
            "flexDirection": "column-reverse",
          }
        }
      >
        <View
          collapsable={false}
          style={
            [
              {
                "flex": 1,
              },
              {
                "backgroundColor": "rgb(242, 242, 242)",
              },
              undefined,
            ]
          }
        >
          <View
            style={
              [
                undefined,
                undefined,
                {
                  "flex": 1,
                },
                undefined,
                {},
                {},
                {},
                {
                  "backgroundColor": "#f0f6fb",
                  "justifyContent": "space-between",
                  "position": "relative",
                },
              ]
            }
            testID="AboutUs"
          >
            <RCTScrollView
              contentContainerStyle={
                {
                  "alignItems": undefined,
                  "flex": undefined,
                  "flexGrow": 1,
                  "gap": undefined,
                  "justifyContent": undefined,
                  "marginBottom": undefined,
                  "padding": 20,
                  "paddingVertical": undefined,
                }
              }
            >
              <View>
                <View
                  style={
                    [
                      undefined,
                      undefined,
                      undefined,
                      undefined,
                      undefined,
                      undefined,
                      undefined,
                      {
                        "alignItems": "flex-start",
                      },
                    ]
                  }
                >
                  <Text
                    style={
                      [
                        {
                          "backgroundColor": "transparent",
                          "color": "#20303C",
                          "writingDirection": "ltr",
                        },
                        undefined,
                        undefined,
                        undefined,
                        undefined,
                        undefined,
                        undefined,
                        undefined,
                        undefined,
                        {
                          "fontFamily": "Kanit-Regular",
                          "fontSize": 16,
                        },
                      ]
                    }
                  >
                    AboutUs.textWelcome
                  </Text>
                </View>
                <View
                  style={
                    [
                      undefined,
                      undefined,
                      undefined,
                      undefined,
                      undefined,
                      undefined,
                      undefined,
                      {
                        "alignItems": "center",
                      },
                    ]
                  }
                >
                  <Text
                    style={
                      [
                        {
                          "backgroundColor": "transparent",
                          "color": "#20303C",
                          "writingDirection": "ltr",
                        },
                        undefined,
                        undefined,
                        undefined,
                        undefined,
                        undefined,
                        undefined,
                        undefined,
                        undefined,
                        {
                          "color": "#216dab",
                          "fontFamily": "Kanit-Bold",
                          "fontSize": 22,
                        },
                      ]
                    }
                  >
                    AboutUs.textTitleOurMission
                  </Text>
                  <View
                    style={
                      [
                        undefined,
                        undefined,
                        undefined,
                        undefined,
                        undefined,
                        undefined,
                        undefined,
                        {
                          "alignItems": "flex-start",
                        },
                      ]
                    }
                  >
                    <Text
                      style={
                        [
                          {
                            "backgroundColor": "transparent",
                            "color": "#20303C",
                            "writingDirection": "ltr",
                          },
                          undefined,
                          undefined,
                          undefined,
                          undefined,
                          undefined,
                          undefined,
                          undefined,
                          undefined,
                          {
                            "fontFamily": "Kanit-Regular",
                            "fontSize": 16,
                          },
                        ]
                      }
                    >
                      AboutUs.textContentOurMission
                    </Text>
                  </View>
                </View>
                <View
                  style={
                    [
                      undefined,
                      undefined,
                      undefined,
                      undefined,
                      undefined,
                      undefined,
                      undefined,
                      {
                        "alignItems": "center",
                      },
                    ]
                  }
                >
                  <Text
                    style={
                      [
                        {
                          "backgroundColor": "transparent",
                          "color": "#20303C",
                          "writingDirection": "ltr",
                        },
                        undefined,
                        undefined,
                        undefined,
                        undefined,
                        undefined,
                        undefined,
                        undefined,
                        undefined,
                        {
                          "color": "#216dab",
                          "fontFamily": "Kanit-Bold",
                          "fontSize": 22,
                        },
                      ]
                    }
                  >
                    AboutUs.textTitleOurValues
                  </Text>
                  <View
                    style={
                      [
                        undefined,
                        undefined,
                        undefined,
                        undefined,
                        undefined,
                        undefined,
                        undefined,
                        {
                          "alignItems": "flex-start",
                        },
                      ]
                    }
                  >
                    <Text
                      style={
                        [
                          {
                            "backgroundColor": "transparent",
                            "color": "#20303C",
                            "writingDirection": "ltr",
                          },
                          undefined,
                          undefined,
                          undefined,
                          undefined,
                          undefined,
                          undefined,
                          undefined,
                          undefined,
                          {
                            "fontFamily": "Kanit-Regular",
                            "fontSize": 16,
                          },
                        ]
                      }
                    >
                      AboutUs.textContentOurValues1
                    </Text>
                    <Text
                      style={
                        [
                          {
                            "backgroundColor": "transparent",
                            "color": "#20303C",
                            "writingDirection": "ltr",
                          },
                          undefined,
                          undefined,
                          undefined,
                          undefined,
                          undefined,
                          undefined,
                          undefined,
                          undefined,
                          {
                            "fontFamily": "Kanit-Regular",
                            "fontSize": 16,
                          },
                        ]
                      }
                    >
                      AboutUs.textContentOurValues2
                    </Text>
                    <Text
                      style={
                        [
                          {
                            "backgroundColor": "transparent",
                            "color": "#20303C",
                            "writingDirection": "ltr",
                          },
                          undefined,
                          undefined,
                          undefined,
                          undefined,
                          undefined,
                          undefined,
                          undefined,
                          undefined,
                          {
                            "fontFamily": "Kanit-Regular",
                            "fontSize": 16,
                          },
                        ]
                      }
                    >
                      AboutUs.textContentOurValues3
                    </Text>
                    <Text
                      style={
                        [
                          {
                            "backgroundColor": "transparent",
                            "color": "#20303C",
                            "writingDirection": "ltr",
                          },
                          undefined,
                          undefined,
                          undefined,
                          undefined,
                          undefined,
                          undefined,
                          undefined,
                          undefined,
                          {
                            "fontFamily": "Kanit-Regular",
                            "fontSize": 16,
                          },
                        ]
                      }
                    >
                      AboutUs.textContentOurValues4
                    </Text>
                  </View>
                </View>
                <View
                  style={
                    [
                      undefined,
                      undefined,
                      undefined,
                      undefined,
                      undefined,
                      undefined,
                      undefined,
                      {
                        "alignItems": "center",
                      },
                    ]
                  }
                >
                  <Text
                    style={
                      [
                        {
                          "backgroundColor": "transparent",
                          "color": "#20303C",
                          "writingDirection": "ltr",
                        },
                        undefined,
                        undefined,
                        undefined,
                        undefined,
                        undefined,
                        undefined,
                        undefined,
                        undefined,
                        {
                          "color": "#216dab",
                          "fontFamily": "Kanit-Bold",
                          "fontSize": 22,
                        },
                      ]
                    }
                  >
                    AboutUs.textTitleGetInTouch
                  </Text>
                  <View
                    style={
                      [
                        undefined,
                        undefined,
                        undefined,
                        undefined,
                        undefined,
                        undefined,
                        undefined,
                        {
                          "alignItems": "flex-start",
                        },
                      ]
                    }
                  >
                    <Text
                      style={
                        [
                          {
                            "backgroundColor": "transparent",
                            "color": "#20303C",
                            "writingDirection": "ltr",
                          },
                          undefined,
                          undefined,
                          undefined,
                          undefined,
                          undefined,
                          undefined,
                          undefined,
                          undefined,
                          {
                            "fontFamily": "Kanit-Regular",
                            "fontSize": 16,
                          },
                        ]
                      }
                    >
                      AboutUs.textContentGetInTouch
                      <Text
                        style={
                          [
                            {
                              "backgroundColor": "transparent",
                              "color": "#20303C",
                              "writingDirection": "ltr",
                            },
                            undefined,
                            undefined,
                            undefined,
                            undefined,
                            undefined,
                            undefined,
                            undefined,
                            undefined,
                            {
                              "color": "#216dab",
                              "fontFamily": "Kanit-Regular",
                              "fontSize": 16,
                            },
                          ]
                        }
                      >
                         
                        support@shiphire.com.
                      </Text>
                    </Text>
                  </View>
                </View>
                <View
                  style={
                    [
                      undefined,
                      undefined,
                      undefined,
                      undefined,
                      undefined,
                      undefined,
                      undefined,
                      {
                        "alignSelf": "center",
                      },
                    ]
                  }
                >
                  <Text
                    style={
                      [
                        {
                          "backgroundColor": "transparent",
                          "color": "#20303C",
                          "writingDirection": "ltr",
                        },
                        undefined,
                        undefined,
                        undefined,
                        undefined,
                        undefined,
                        undefined,
                        undefined,
                        undefined,
                        {
                          "color": "#216dab",
                          "fontFamily": "Kanit-Regular",
                          "fontSize": 18,
                        },
                      ]
                    }
                  >
                    ©
                    ShipHire 2023
                  </Text>
                </View>
              </View>
            </RCTScrollView>
          </View>
        </View>
      </View>
      <RNSScreenStackHeaderConfig
        backButtonInCustomView={false}
        backTitleVisible={true}
        backgroundColor="rgb(255, 255, 255)"
        color="rgb(0, 122, 255)"
        direction="ltr"
        disableBackButtonMenu={false}
        hidden={false}
        hideBackButton={false}
        largeTitleHideShadow={false}
        title="AboutUs"
        titleColor="rgb(28, 28, 30)"
        topInsetEnabled={false}
        translucent={false}
      />
    </RNSScreen>
  </RNSScreenStack>
</RNCSafeAreaProvider>
`;
