// Jest Snapshot v1, https://goo.gl/fbAQLP

exports[`Testing Accept Payment Screen Snapshot Testing should render accept payment screen correctly 1`] = `
<RNCSafeAreaProvider
  onInsetsChange={[Function]}
  style={
    {
      "flex": 1,
    }
  }
>
  <RNSScreenStack
    style={
      {
        "flex": 1,
      }
    }
  >
    <RNSScreen
      collapsable={false}
      forwardedRef={[Function]}
      gestureResponseDistance={
        {
          "bottom": -1,
          "end": -1,
          "start": -1,
          "top": -1,
        }
      }
      nativeBackButtonDismissalEnabled={false}
      onAppear={[Function]}
      onDisappear={[Function]}
      onDismissed={[Function]}
      onGestureCancel={[Function]}
      onHeaderBackButtonClicked={[Function]}
      onNativeDismissCancelled={[Function]}
      onTransitionProgress={[Function]}
      onWillDisappear={[Function]}
      replaceAnimation="push"
      sheetAllowedDetents="large"
      sheetCornerRadius={-1}
      sheetExpandsWhenScrolledToEdge={true}
      sheetGrabberVisible={false}
      sheetLargestUndimmedDetent="all"
      stackPresentation="push"
      style={
        {
          "bottom": 0,
          "left": 0,
          "position": "absolute",
          "right": 0,
          "top": 0,
        }
      }
      swipeDirection="horizontal"
    >
      <View
        accessibilityElementsHidden={false}
        importantForAccessibility="auto"
        style={
          {
            "flex": 1,
            "flexDirection": "column-reverse",
          }
        }
      >
        <View
          collapsable={false}
          style={
            [
              {
                "flex": 1,
              },
              {
                "backgroundColor": "rgb(242, 242, 242)",
              },
              undefined,
            ]
          }
        >
          <View
            style={
              [
                undefined,
                undefined,
                {
                  "flex": 1,
                },
                undefined,
                {},
                {},
                {},
                {
                  "backgroundColor": "#f0f6fb",
                  "justifyContent": "space-between",
                  "position": "relative",
                },
              ]
            }
            testID="PaymentOwnerScreen"
          >
            <RCTScrollView
              contentContainerStyle={
                {
                  "alignItems": undefined,
                  "flex": undefined,
                  "flexGrow": 1,
                  "gap": undefined,
                  "justifyContent": undefined,
                  "marginBottom": undefined,
                  "padding": 10,
                  "paddingVertical": undefined,
                }
              }
            >
              <View>
                <View
                  padding-10={true}
                  paddingL-15={true}
                  row={true}
                  style={
                    [
                      undefined,
                      undefined,
                      undefined,
                      undefined,
                      {
                        "padding": 10,
                        "paddingLeft": 15,
                      },
                      {},
                      {
                        "flexDirection": "row",
                      },
                      {
                        "backgroundColor": "#dbdee0",
                        "borderRadius": 5,
                      },
                    ]
                  }
                >
                  <View
                    style={
                      [
                        undefined,
                        undefined,
                        undefined,
                        undefined,
                        undefined,
                        undefined,
                        undefined,
                        {
                          "width": "70%",
                        },
                      ]
                    }
                  >
                    <Text
                      numberOfLines={0}
                      style={
                        {
                          "borderBottomWidth": 0,
                          "borderColor": undefined,
                          "color": "#216dab",
                          "fontFamily": "Kanit-Regular",
                          "fontSize": 14,
                          "lineHeight": undefined,
                          "textAlign": undefined,
                        }
                      }
                    >
                      PaymentHistory.cardDescription
                    </Text>
                  </View>
                  <View
                    style={
                      [
                        undefined,
                        undefined,
                        undefined,
                        undefined,
                        undefined,
                        undefined,
                        undefined,
                        {
                          "width": "30%",
                        },
                      ]
                    }
                  >
                    <View
                      accessibilityState={
                        {
                          "busy": undefined,
                          "checked": undefined,
                          "disabled": undefined,
                          "expanded": undefined,
                          "selected": undefined,
                        }
                      }
                      accessibilityValue={
                        {
                          "max": undefined,
                          "min": undefined,
                          "now": undefined,
                          "text": undefined,
                        }
                      }
                      accessible={true}
                      collapsable={false}
                      focusable={true}
                      onBlur={[Function]}
                      onClick={[Function]}
                      onFocus={[Function]}
                      onResponderGrant={[Function]}
                      onResponderMove={[Function]}
                      onResponderRelease={[Function]}
                      onResponderTerminate={[Function]}
                      onResponderTerminationRequest={[Function]}
                      onStartShouldSetResponder={[Function]}
                      style={
                        {
                          "alignItems": "center",
                          "backgroundColor": "#216dab",
                          "borderRadius": 6,
                          "elevation": 2,
                          "flexDirection": "row",
                          "gap": 0,
                          "justifyContent": "center",
                          "paddingHorizontal": 10,
                          "paddingVertical": 6,
                        }
                      }
                      testID="historyButton"
                    >
                      <Text
                        numberOfLines={0}
                        style={
                          {
                            "borderBottomWidth": 0,
                            "borderColor": undefined,
                            "color": "#f0f6fb",
                            "fontFamily": "Kanit-Medium",
                            "fontSize": 18,
                            "lineHeight": undefined,
                            "textAlign": undefined,
                          }
                        }
                      >
                        PaymentHistory.buttonHistory
                      </Text>
                      <View
                        style={
                          [
                            undefined,
                            undefined,
                            undefined,
                            undefined,
                            undefined,
                            undefined,
                            undefined,
                            {
                              "position": "absolute",
                              "right": 20,
                            },
                          ]
                        }
                      />
                    </View>
                  </View>
                </View>
                <View
                  style={
                    [
                      undefined,
                      undefined,
                      {
                        "flex": 1,
                      },
                      undefined,
                      {},
                      {},
                      {},
                      {
                        "backgroundColor": "#f0f6fb",
                        "justifyContent": "space-between",
                        "position": "relative",
                      },
                    ]
                  }
                  testID="PaymentReceiptOwnerPreviewScreen"
                >
                  <RCTScrollView
                    contentContainerStyle={
                      {
                        "alignItems": undefined,
                        "flex": undefined,
                        "flexGrow": 1,
                        "gap": undefined,
                        "justifyContent": undefined,
                        "marginBottom": undefined,
                        "padding": undefined,
                        "paddingVertical": undefined,
                      }
                    }
                  >
                    <View>
                      <View
                        marginT-10={true}
                        paddingH-10={true}
                        style={
                          [
                            undefined,
                            undefined,
                            undefined,
                            undefined,
                            {
                              "paddingHorizontal": 10,
                            },
                            {
                              "marginTop": 10,
                            },
                            {},
                            {
                              "backgroundColor": "#dbdee0",
                              "borderRadius": 5,
                              "justifyContent": "center",
                            },
                          ]
                        }
                      >
                        <Image
                          onLoadEnd={[Function]}
                          onLoadStart={[Function]}
                          source={
                            {
                              "uri": "https://storage.googleapis.com/shiphire-fdb0e.appspot.com/SH-09212023-63c96de3%20payment%20receipt...",
                            }
                          }
                          style={
                            {
                              "borderRadius": 5,
                              "height": "90%",
                              "resizeMode": "cover",
                              "width": "100%",
                            }
                          }
                        />
                      </View>
                    </View>
                  </RCTScrollView>
                </View>
                <View
                  style={
                    [
                      undefined,
                      undefined,
                      undefined,
                      undefined,
                      undefined,
                      undefined,
                      undefined,
                      {
                        "bottom": 30,
                        "position": "absolute",
                        "right": 20,
                      },
                    ]
                  }
                >
                  <View
                    accessibilityState={
                      {
                        "busy": undefined,
                        "checked": undefined,
                        "disabled": undefined,
                        "expanded": undefined,
                        "selected": undefined,
                      }
                    }
                    accessibilityValue={
                      {
                        "max": undefined,
                        "min": undefined,
                        "now": undefined,
                        "text": undefined,
                      }
                    }
                    accessible={true}
                    collapsable={false}
                    focusable={true}
                    onBlur={[Function]}
                    onClick={[Function]}
                    onFocus={[Function]}
                    onResponderGrant={[Function]}
                    onResponderMove={[Function]}
                    onResponderRelease={[Function]}
                    onResponderTerminate={[Function]}
                    onResponderTerminationRequest={[Function]}
                    onStartShouldSetResponder={[Function]}
                    style={
                      {
                        "alignItems": "center",
                        "backgroundColor": "#1fcc44",
                        "borderRadius": 6,
                        "elevation": 2,
                        "flexDirection": "row",
                        "gap": 0,
                        "justifyContent": "center",
                        "paddingHorizontal": 10,
                        "paddingVertical": 6,
                      }
                    }
                  >
                    <Text
                      numberOfLines={0}
                      style={
                        {
                          "borderBottomWidth": 0,
                          "borderColor": undefined,
                          "color": "#f0f6fb",
                          "fontFamily": "Kanit-Medium",
                          "fontSize": 18,
                          "lineHeight": undefined,
                          "textAlign": undefined,
                        }
                      }
                    >
                      Accept payment
                    </Text>
                    <View
                      style={
                        [
                          undefined,
                          undefined,
                          undefined,
                          undefined,
                          undefined,
                          undefined,
                          undefined,
                          {
                            "position": "absolute",
                            "right": 20,
                          },
                        ]
                      }
                    />
                  </View>
                </View>
              </View>
            </RCTScrollView>
          </View>
        </View>
      </View>
      <RNSScreenStackHeaderConfig
        backButtonInCustomView={false}
        backTitleVisible={true}
        backgroundColor="rgb(255, 255, 255)"
        color="rgb(0, 122, 255)"
        direction="ltr"
        disableBackButtonMenu={false}
        hidden={false}
        hideBackButton={false}
        largeTitleHideShadow={false}
        title="Payment"
        titleColor="rgb(28, 28, 30)"
        topInsetEnabled={false}
        translucent={false}
      />
    </RNSScreen>
  </RNSScreenStack>
</RNCSafeAreaProvider>
`;
