// Jest Snapshot v1, https://goo.gl/fbAQLP

exports[`Testing Edit Image Form Screen Snapshot Testing should render Edit Image Form correctly 1`] = `
<RNCSafeAreaProvider
  onInsetsChange={[Function]}
  style={
    {
      "flex": 1,
    }
  }
>
  <RNSScreenStack
    style={
      {
        "flex": 1,
      }
    }
  >
    <RNSScreen
      collapsable={false}
      forwardedRef={[Function]}
      gestureResponseDistance={
        {
          "bottom": -1,
          "end": -1,
          "start": -1,
          "top": -1,
        }
      }
      nativeBackButtonDismissalEnabled={false}
      onAppear={[Function]}
      onDisappear={[Function]}
      onDismissed={[Function]}
      onGestureCancel={[Function]}
      onHeaderBackButtonClicked={[Function]}
      onNativeDismissCancelled={[Function]}
      onTransitionProgress={[Function]}
      onWillDisappear={[Function]}
      replaceAnimation="push"
      sheetAllowedDetents="large"
      sheetCornerRadius={-1}
      sheetExpandsWhenScrolledToEdge={true}
      sheetGrabberVisible={false}
      sheetLargestUndimmedDetent="all"
      stackPresentation="push"
      style={
        {
          "bottom": 0,
          "left": 0,
          "position": "absolute",
          "right": 0,
          "top": 0,
        }
      }
      swipeDirection="horizontal"
    >
      <View
        accessibilityElementsHidden={false}
        importantForAccessibility="auto"
        style={
          {
            "flex": 1,
            "flexDirection": "column-reverse",
          }
        }
      >
        <View
          collapsable={false}
          style={
            [
              {
                "flex": 1,
              },
              {
                "backgroundColor": "rgb(242, 242, 242)",
              },
              undefined,
            ]
          }
        >
          <View
            style={
              [
                undefined,
                undefined,
                {
                  "flex": 1,
                },
                undefined,
                {},
                {},
                {},
                {
                  "backgroundColor": "#f0f6fb",
                  "justifyContent": "space-between",
                  "position": "relative",
                },
              ]
            }
            testID="imageFormAddShip"
          >
            <RCTScrollView
              contentContainerStyle={
                {
                  "alignItems": undefined,
                  "flex": undefined,
                  "flexGrow": 1,
                  "gap": undefined,
                  "justifyContent": undefined,
                  "marginBottom": undefined,
                  "padding": undefined,
                  "paddingVertical": undefined,
                }
              }
            >
              <View>
                <View
                  marginH-20={true}
                  marginV-26={true}
                  style={
                    [
                      undefined,
                      undefined,
                      undefined,
                      undefined,
                      {},
                      {
                        "marginHorizontal": 20,
                        "marginVertical": 26,
                      },
                      {},
                      undefined,
                    ]
                  }
                >
                  <View
                    style={
                      [
                        undefined,
                        undefined,
                        undefined,
                        undefined,
                        undefined,
                        undefined,
                        undefined,
                        undefined,
                      ]
                    }
                  >
                    <View
                      style={
                        [
                          undefined,
                          undefined,
                          undefined,
                          undefined,
                          undefined,
                          undefined,
                          undefined,
                          {
                            "paddingBottom": 5,
                          },
                        ]
                      }
                    >
                      <Text
                        style={
                          {
                            "color": "#216dab",
                            "fontFamily": "Kanit-Medium",
                            "fontSize": 22,
                          }
                        }
                      >
                        ShipOwner.EditImageForm.textChooseImage
                      </Text>
                    </View>
                    <View
                      style={
                        [
                          undefined,
                          undefined,
                          undefined,
                          undefined,
                          undefined,
                          undefined,
                          undefined,
                          {
                            "paddingBottom": 25,
                          },
                        ]
                      }
                    >
                      <View
                        accessibilityState={
                          {
                            "busy": undefined,
                            "checked": undefined,
                            "disabled": undefined,
                            "expanded": undefined,
                            "selected": undefined,
                          }
                        }
                        accessibilityValue={
                          {
                            "max": undefined,
                            "min": undefined,
                            "now": undefined,
                            "text": undefined,
                          }
                        }
                        accessible={true}
                        collapsable={false}
                        focusable={true}
                        onClick={[Function]}
                        onResponderGrant={[Function]}
                        onResponderMove={[Function]}
                        onResponderRelease={[Function]}
                        onResponderTerminate={[Function]}
                        onResponderTerminationRequest={[Function]}
                        onStartShouldSetResponder={[Function]}
                        style={
                          {
                            "opacity": 1,
                          }
                        }
                        testID="selectImageButton"
                      >
                        <View
                          style={
                            [
                              undefined,
                              undefined,
                              undefined,
                              undefined,
                              undefined,
                              undefined,
                              undefined,
                              {
                                "alignItems": "center",
                                "borderBottomColor": "#216dab",
                                "borderBottomWidth": 1,
                                "flexDirection": "row",
                                "paddingBottom": 15,
                              },
                            ]
                          }
                        >
                          <Text
                            style={
                              {
                                "flex": 1,
                              }
                            }
                          >
                            ShipOwner.EditImageForm.textSelectFile
                          </Text>
                          <RNSVGSvgView
                            align="xMidYMid"
                            bbHeight="24"
                            bbWidth="24"
                            fill="none"
                            focusable={false}
                            height={24}
                            meetOrSlice={0}
                            minX={0}
                            minY={0}
                            style={
                              [
                                {
                                  "backgroundColor": "transparent",
                                  "borderWidth": 0,
                                },
                                {
                                  "flex": 0,
                                  "height": 24,
                                  "width": 24,
                                },
                              ]
                            }
                            vbHeight={24}
                            vbWidth={24}
                            width={24}
                            xml="<svg width="24" height="24" viewBox="0 0 24 24" fill="none" xmlns="http://www.w3.org/2000/svg">
    <g clip-path="url(#clip0_77_28470)">
    <path d="M18 13H13V18C13 18.55 12.55 19 12 19C11.45 19 11 18.55 11 18V13H6C5.45 13 5 12.55 5 12C5 11.45 5.45 11 6 11H11V6C11 5.45 11.45 5 12 5C12.55 5 13 5.45 13 6V11H18C18.55 11 19 11.45 19 12C19 12.55 18.55 13 18 13Z" fill="#323232"/>
    </g>
    <defs>
    <clipPath id="clip0_77_28470">
    <rect width="24" height="24" fill="white"/>
    </clipPath>
    </defs>
    </svg>
    
    
    "
                            xmlns="http://www.w3.org/2000/svg"
                          >
                            <RNSVGGroup
                              fill={null}
                              propList={
                                [
                                  "fill",
                                ]
                              }
                            >
                              <RNSVGGroup
                                clipPath="clip0_77_28470"
                                fill={
                                  {
                                    "payload": 4278190080,
                                    "type": 0,
                                  }
                                }
                              >
                                <RNSVGPath
                                  d="M18 13H13V18C13 18.55 12.55 19 12 19C11.45 19 11 18.55 11 18V13H6C5.45 13 5 12.55 5 12C5 11.45 5.45 11 6 11H11V6C11 5.45 11.45 5 12 5C12.55 5 13 5.45 13 6V11H18C18.55 11 19 11.45 19 12C19 12.55 18.55 13 18 13Z"
                                  fill={
                                    {
                                      "payload": 4281479730,
                                      "type": 0,
                                    }
                                  }
                                  propList={
                                    [
                                      "fill",
                                    ]
                                  }
                                />
                              </RNSVGGroup>
                              <RNSVGDefs>
                                <RNSVGClipPath
                                  fill={
                                    {
                                      "payload": 4278190080,
                                      "type": 0,
                                    }
                                  }
                                  name="clip0_77_28470"
                                >
                                  <RNSVGRect
                                    fill={
                                      {
                                        "payload": 4294967295,
                                        "type": 0,
                                      }
                                    }
                                    height="24"
                                    propList={
                                      [
                                        "fill",
                                      ]
                                    }
                                    width="24"
                                    x="0"
                                    y="0"
                                  />
                                </RNSVGClipPath>
                              </RNSVGDefs>
                            </RNSVGGroup>
                          </RNSVGSvgView>
                        </View>
                      </View>
                    </View>
                  </View>
                  <View
                    style={
                      [
                        undefined,
                        undefined,
                        undefined,
                        undefined,
                        undefined,
                        undefined,
                        undefined,
                        {
                          "flex": 1,
                          "justifyContent": "flex-end",
                        },
                      ]
                    }
                  >
                    <View
                      accessibilityState={
                        {
                          "busy": undefined,
                          "checked": undefined,
                          "disabled": undefined,
                          "expanded": undefined,
                          "selected": undefined,
                        }
                      }
                      accessibilityValue={
                        {
                          "max": undefined,
                          "min": undefined,
                          "now": undefined,
                          "text": undefined,
                        }
                      }
                      accessible={true}
                      collapsable={false}
                      focusable={true}
                      onBlur={[Function]}
                      onClick={[Function]}
                      onFocus={[Function]}
                      onResponderGrant={[Function]}
                      onResponderMove={[Function]}
                      onResponderRelease={[Function]}
                      onResponderTerminate={[Function]}
                      onResponderTerminationRequest={[Function]}
                      onStartShouldSetResponder={[Function]}
                      style={
                        {
                          "alignItems": "center",
                          "backgroundColor": "#216dab",
                          "borderRadius": 6,
                          "elevation": 2,
                          "flexDirection": "row",
                          "gap": 0,
                          "justifyContent": "center",
                          "paddingHorizontal": 10,
                          "paddingVertical": 6,
                        }
                      }
                      testID="submitButton"
                    >
                      <Text
                        numberOfLines={0}
                        style={
                          {
                            "borderBottomWidth": 0,
                            "borderColor": undefined,
                            "color": "#f0f6fb",
                            "fontFamily": "Kanit-Medium",
                            "fontSize": 18,
                            "lineHeight": undefined,
                            "textAlign": undefined,
                          }
                        }
                      >
                        ShipOwner.EditImageForm.labelButtonNext
                      </Text>
                      <View
                        style={
                          [
                            undefined,
                            undefined,
                            undefined,
                            undefined,
                            undefined,
                            undefined,
                            undefined,
                            {
                              "position": "absolute",
                              "right": 20,
                            },
                          ]
                        }
                      >
                        <RNSVGSvgView
                          align="xMidYMid"
                          bbHeight="20"
                          bbWidth="20"
                          fill="none"
                          focusable={false}
                          height={20}
                          meetOrSlice={0}
                          minX={0}
                          minY={0}
                          style={
                            [
                              {
                                "backgroundColor": "transparent",
                                "borderWidth": 0,
                              },
                              {
                                "flex": 0,
                                "height": 20,
                                "width": 20,
                              },
                            ]
                          }
                          vbHeight={20}
                          vbWidth={20}
                          width={20}
                          xml="<svg width="20" height="20" viewBox="0 0 20 20" fill="none" xmlns="http://www.w3.org/2000/svg">
    <g clip-path="url(#clip0_382_280)">
    <path d="M4.16666 10.8334H13.475L9.40833 14.9001C9.08333 15.2251 9.08333 15.7584 9.40833 16.0834C9.73333 16.4084 10.2583 16.4084 10.5833 16.0834L16.075 10.5917C16.4 10.2667 16.4 9.74172 16.075 9.41672L10.5917 3.91672C10.2667 3.59172 9.74166 3.59172 9.41666 3.91672C9.09166 4.24172 9.09166 4.76672 9.41666 5.09172L13.475 9.16672H4.16666C3.70833 9.16672 3.33333 9.54172 3.33333 10.0001C3.33333 10.4584 3.70833 10.8334 4.16666 10.8334Z" fill="#F0F6FB"/>
    </g>
    <defs>
    <clipPath id="clip0_382_280">
    <rect width="20" height="20" fill="white"/>
    </clipPath>
    </defs>
    </svg>        
    "
                          xmlns="http://www.w3.org/2000/svg"
                        >
                          <RNSVGGroup
                            fill={null}
                            propList={
                              [
                                "fill",
                              ]
                            }
                          >
                            <RNSVGGroup
                              clipPath="clip0_382_280"
                              fill={
                                {
                                  "payload": 4278190080,
                                  "type": 0,
                                }
                              }
                            >
                              <RNSVGPath
                                d="M4.16666 10.8334H13.475L9.40833 14.9001C9.08333 15.2251 9.08333 15.7584 9.40833 16.0834C9.73333 16.4084 10.2583 16.4084 10.5833 16.0834L16.075 10.5917C16.4 10.2667 16.4 9.74172 16.075 9.41672L10.5917 3.91672C10.2667 3.59172 9.74166 3.59172 9.41666 3.91672C9.09166 4.24172 9.09166 4.76672 9.41666 5.09172L13.475 9.16672H4.16666C3.70833 9.16672 3.33333 9.54172 3.33333 10.0001C3.33333 10.4584 3.70833 10.8334 4.16666 10.8334Z"
                                fill={
                                  {
                                    "payload": 4293981947,
                                    "type": 0,
                                  }
                                }
                                propList={
                                  [
                                    "fill",
                                  ]
                                }
                              />
                            </RNSVGGroup>
                            <RNSVGDefs>
                              <RNSVGClipPath
                                fill={
                                  {
                                    "payload": 4278190080,
                                    "type": 0,
                                  }
                                }
                                name="clip0_382_280"
                              >
                                <RNSVGRect
                                  fill={
                                    {
                                      "payload": 4294967295,
                                      "type": 0,
                                    }
                                  }
                                  height="20"
                                  propList={
                                    [
                                      "fill",
                                    ]
                                  }
                                  width="20"
                                  x="0"
                                  y="0"
                                />
                              </RNSVGClipPath>
                            </RNSVGDefs>
                          </RNSVGGroup>
                        </RNSVGSvgView>
                      </View>
                    </View>
                  </View>
                </View>
              </View>
            </RCTScrollView>
          </View>
        </View>
      </View>
      <RNSScreenStackHeaderConfig
        backButtonInCustomView={false}
        backTitleVisible={true}
        backgroundColor="rgb(255, 255, 255)"
        color="rgb(0, 122, 255)"
        direction="ltr"
        disableBackButtonMenu={false}
        hidden={false}
        hideBackButton={false}
        largeTitleHideShadow={false}
        title="EditImageForm"
        titleColor="rgb(28, 28, 30)"
        topInsetEnabled={false}
        translucent={false}
      />
    </RNSScreen>
  </RNSScreenStack>
</RNCSafeAreaProvider>
`;
