// Jest Snapshot v1, https://goo.gl/fbAQLP

exports[`Testing Ships Screen Snapshot Testing should render ships screen correctly 1`] = `
<RNCSafeAreaProvider
  onInsetsChange={[Function]}
  style={
    {
      "flex": 1,
    }
  }
>
  <RNSScreenStack
    style={
      {
        "flex": 1,
      }
    }
  >
    <RNSScreen
      collapsable={false}
      forwardedRef={[Function]}
      gestureResponseDistance={
        {
          "bottom": -1,
          "end": -1,
          "start": -1,
          "top": -1,
        }
      }
      nativeBackButtonDismissalEnabled={false}
      onAppear={[Function]}
      onDisappear={[Function]}
      onDismissed={[Function]}
      onGestureCancel={[Function]}
      onHeaderBackButtonClicked={[Function]}
      onNativeDismissCancelled={[Function]}
      onTransitionProgress={[Function]}
      onWillDisappear={[Function]}
      replaceAnimation="push"
      sheetAllowedDetents="large"
      sheetCornerRadius={-1}
      sheetExpandsWhenScrolledToEdge={true}
      sheetGrabberVisible={false}
      sheetLargestUndimmedDetent="all"
      stackPresentation="push"
      style={
        {
          "bottom": 0,
          "left": 0,
          "position": "absolute",
          "right": 0,
          "top": 0,
        }
      }
      swipeDirection="horizontal"
    >
      <View
        accessibilityElementsHidden={false}
        importantForAccessibility="auto"
        style={
          {
            "flex": 1,
            "flexDirection": "column-reverse",
          }
        }
      >
        <View
          collapsable={false}
          style={
            [
              {
                "flex": 1,
              },
              {
                "backgroundColor": "rgb(242, 242, 242)",
              },
              undefined,
            ]
          }
        >
          <RCTScrollView
            data={
              [
                "",
              ]
            }
            getItem={[Function]}
            getItemCount={[Function]}
            keyExtractor={[Function]}
            onContentSizeChange={[Function]}
            onLayout={[Function]}
            onMomentumScrollBegin={[Function]}
            onMomentumScrollEnd={[Function]}
            onScroll={[Function]}
            onScrollBeginDrag={[Function]}
            onScrollEndDrag={[Function]}
            removeClippedSubviews={false}
            renderItem={[Function]}
            scrollEventThrottle={50}
            stickyHeaderIndices={[]}
            viewabilityConfigCallbackPairs={[]}
          >
            <View>
              <View
                onFocusCapture={[Function]}
                onLayout={[Function]}
                style={null}
              >
                <View
                  style={
                    [
                      undefined,
                      undefined,
                      {
                        "flex": 1,
                      },
                      undefined,
                      {},
                      {},
                      {},
                      {
                        "backgroundColor": "#f0f6fb",
                        "justifyContent": "space-between",
                        "position": "relative",
                      },
                    ]
                  }
                  testID="shipsScreen"
                >
                  <RCTScrollView
                    contentContainerStyle={
                      {
                        "alignItems": undefined,
                        "flex": undefined,
                        "flexGrow": 1,
                        "gap": undefined,
                        "justifyContent": undefined,
                        "marginBottom": undefined,
                        "padding": undefined,
                        "paddingVertical": 40,
                      }
                    }
                  >
                    <View>
                      <View
                        marginH-16={true}
                        marginT-8={true}
                        row={true}
                        style={
                          [
                            undefined,
                            undefined,
                            undefined,
                            undefined,
                            {},
                            {
                              "marginHorizontal": 16,
                              "marginTop": 8,
                            },
                            {
                              "flexDirection": "row",
                            },
                            {
                              "alignContent": "center",
                              "justifyContent": "space-between",
                            },
                          ]
                        }
                      >
                        <Text
                          numberOfLines={0}
                          style={
                            {
                              "borderBottomWidth": 0,
                              "borderColor": undefined,
                              "color": "#216dab",
                              "fontFamily": "Kanit-Bold",
                              "fontSize": 30,
                              "lineHeight": undefined,
                              "textAlign": undefined,
                            }
                          }
                        >
                          placeholderSearch
                        </Text>
                        <View
                          accessibilityState={
                            {
                              "busy": undefined,
                              "checked": undefined,
                              "disabled": undefined,
                              "expanded": undefined,
                              "selected": undefined,
                            }
                          }
                          accessibilityValue={
                            {
                              "max": undefined,
                              "min": undefined,
                              "now": undefined,
                              "text": undefined,
                            }
                          }
                          accessible={true}
                          collapsable={false}
                          focusable={true}
                          onBlur={[Function]}
                          onClick={[Function]}
                          onFocus={[Function]}
                          onResponderGrant={[Function]}
                          onResponderMove={[Function]}
                          onResponderRelease={[Function]}
                          onResponderTerminate={[Function]}
                          onResponderTerminationRequest={[Function]}
                          onStartShouldSetResponder={[Function]}
                          style={
                            {
                              "justifyContent": "center",
                              "paddingLeft": 12,
                            }
                          }
                          testID="addShipButton"
                        >
                          <RNSVGSvgView
                            align="xMidYMid"
                            bbHeight="24"
                            bbWidth="24"
                            fill="none"
                            focusable={false}
                            height={24}
                            meetOrSlice={0}
                            minX={0}
                            minY={0}
                            style={
                              [
                                {
                                  "backgroundColor": "transparent",
                                  "borderWidth": 0,
                                },
                                {
                                  "flex": 0,
                                  "height": 24,
                                  "width": 24,
                                },
                              ]
                            }
                            vbHeight={24}
                            vbWidth={24}
                            width={24}
                            xml="<svg width="24" height="24" viewBox="0 0 24 24" fill="none" xmlns="http://www.w3.org/2000/svg">
    <g clip-path="url(#clip0_77_28470)">
    <path d="M18 13H13V18C13 18.55 12.55 19 12 19C11.45 19 11 18.55 11 18V13H6C5.45 13 5 12.55 5 12C5 11.45 5.45 11 6 11H11V6C11 5.45 11.45 5 12 5C12.55 5 13 5.45 13 6V11H18C18.55 11 19 11.45 19 12C19 12.55 18.55 13 18 13Z" fill="#323232"/>
    </g>
    <defs>
    <clipPath id="clip0_77_28470">
    <rect width="24" height="24" fill="white"/>
    </clipPath>
    </defs>
    </svg>
    
    
    "
                            xmlns="http://www.w3.org/2000/svg"
                          >
                            <RNSVGGroup
                              fill={null}
                              propList={
                                [
                                  "fill",
                                ]
                              }
                            >
                              <RNSVGGroup
                                clipPath="clip0_77_28470"
                                fill={
                                  {
                                    "payload": 4278190080,
                                    "type": 0,
                                  }
                                }
                              >
                                <RNSVGPath
                                  d="M18 13H13V18C13 18.55 12.55 19 12 19C11.45 19 11 18.55 11 18V13H6C5.45 13 5 12.55 5 12C5 11.45 5.45 11 6 11H11V6C11 5.45 11.45 5 12 5C12.55 5 13 5.45 13 6V11H18C18.55 11 19 11.45 19 12C19 12.55 18.55 13 18 13Z"
                                  fill={
                                    {
                                      "payload": 4281479730,
                                      "type": 0,
                                    }
                                  }
                                  propList={
                                    [
                                      "fill",
                                    ]
                                  }
                                />
                              </RNSVGGroup>
                              <RNSVGDefs>
                                <RNSVGClipPath
                                  fill={
                                    {
                                      "payload": 4278190080,
                                      "type": 0,
                                    }
                                  }
                                  name="clip0_77_28470"
                                >
                                  <RNSVGRect
                                    fill={
                                      {
                                        "payload": 4294967295,
                                        "type": 0,
                                      }
                                    }
                                    height="24"
                                    propList={
                                      [
                                        "fill",
                                      ]
                                    }
                                    width="24"
                                    x="0"
                                    y="0"
                                  />
                                </RNSVGClipPath>
                              </RNSVGDefs>
                            </RNSVGGroup>
                          </RNSVGSvgView>
                        </View>
                      </View>
                      <View
                        marginB-80={true}
                        marginH-16={true}
                        style={
                          [
                            undefined,
                            undefined,
                            undefined,
                            undefined,
                            {},
                            {
                              "marginBottom": 80,
                              "marginHorizontal": 16,
                            },
                            {},
                            undefined,
                          ]
                        }
                      >
                        <View
                          ListEmptyComponent={[Function]}
                          contentContainerStyle={
                            {
                              "gap": 14,
                            }
                          }
                          data={[]}
                          getItem={[Function]}
                          getItemCount={[Function]}
                          keyExtractor={[Function]}
                          onContentSizeChange={[Function]}
                          onLayout={[Function]}
                          onMomentumScrollBegin={[Function]}
                          onMomentumScrollEnd={[Function]}
                          onScroll={[Function]}
                          onScrollBeginDrag={[Function]}
                          onScrollEndDrag={[Function]}
                          removeClippedSubviews={false}
                          renderItem={[Function]}
                          scrollEventThrottle={50}
                          stickyHeaderIndices={[]}
                          testID="shipListView"
                          viewabilityConfigCallbackPairs={[]}
                        >
                          <View
                            center={true}
                            marginT-20={true}
                            style={
                              [
                                undefined,
                                undefined,
                                undefined,
                                undefined,
                                {},
                                {
                                  "marginTop": 20,
                                },
                                {
                                  "alignItems": "center",
                                  "justifyContent": "center",
                                },
                                undefined,
                              ]
                            }
                          >
                            <Text
                              numberOfLines={0}
                              style={
                                {
                                  "borderBottomWidth": 0,
                                  "borderColor": undefined,
                                  "color": "#4d5963",
                                  "fontFamily": "Kanit-Regular",
                                  "fontSize": 18,
                                  "lineHeight": undefined,
                                  "textAlign": undefined,
                                }
                              }
                            >
                              ShipOwner.textNoShipData
                            </Text>
                          </View>
                        </View>
                      </View>
                    </View>
                  </RCTScrollView>
                </View>
              </View>
            </View>
          </RCTScrollView>
        </View>
      </View>
      <RNSScreenStackHeaderConfig
        backButtonInCustomView={false}
        backTitleVisible={true}
        backgroundColor="rgb(255, 255, 255)"
        color="rgb(0, 122, 255)"
        direction="ltr"
        disableBackButtonMenu={false}
        hidden={false}
        hideBackButton={false}
        largeTitleHideShadow={false}
        title="Ships"
        titleColor="rgb(28, 28, 30)"
        topInsetEnabled={false}
        translucent={false}
      />
    </RNSScreen>
  </RNSScreenStack>
</RNCSafeAreaProvider>
`;
