// Jest Snapshot v1, https://goo.gl/fbAQLP

exports[`Testing Ship Pictures Before Rent Snapshot Testing should render Ship Pictures Before Rent 1`] = `
<RNCSafeAreaProvider
  onInsetsChange={[Function]}
  style={
    {
      "flex": 1,
    }
  }
>
  <RNSScreenStack
    style={
      {
        "flex": 1,
      }
    }
  >
    <RNSScreen
      collapsable={false}
      forwardedRef={[Function]}
      gestureResponseDistance={
        {
          "bottom": -1,
          "end": -1,
          "start": -1,
          "top": -1,
        }
      }
      nativeBackButtonDismissalEnabled={false}
      onAppear={[Function]}
      onDisappear={[Function]}
      onDismissed={[Function]}
      onGestureCancel={[Function]}
      onHeaderBackButtonClicked={[Function]}
      onNativeDismissCancelled={[Function]}
      onTransitionProgress={[Function]}
      onWillDisappear={[Function]}
      replaceAnimation="push"
      sheetAllowedDetents="large"
      sheetCornerRadius={-1}
      sheetExpandsWhenScrolledToEdge={true}
      sheetGrabberVisible={false}
      sheetLargestUndimmedDetent="all"
      stackPresentation="push"
      style={
        {
          "bottom": 0,
          "left": 0,
          "position": "absolute",
          "right": 0,
          "top": 0,
        }
      }
      swipeDirection="horizontal"
    >
      <View
        accessibilityElementsHidden={false}
        importantForAccessibility="auto"
        style={
          {
            "flex": 1,
            "flexDirection": "column-reverse",
          }
        }
      >
        <View
          collapsable={false}
          style={
            [
              {
                "flex": 1,
              },
              {
                "backgroundColor": "rgb(242, 242, 242)",
              },
              undefined,
            ]
          }
        >
          <View
            style={
              [
                undefined,
                undefined,
                {
                  "flex": 1,
                },
                undefined,
                {},
                {},
                {},
                {
                  "backgroundColor": "#f0f6fb",
                  "justifyContent": "space-between",
                  "position": "relative",
                },
              ]
            }
            testID="ShipPicturesScreen"
          >
            <RCTScrollView
              contentContainerStyle={
                {
                  "alignItems": undefined,
                  "flex": undefined,
                  "flexGrow": 1,
                  "gap": 10,
                  "justifyContent": undefined,
                  "marginBottom": undefined,
                  "padding": 10,
                  "paddingVertical": undefined,
                }
              }
            >
              <View>
                <View
                  style={
                    [
                      undefined,
                      undefined,
                      undefined,
                      undefined,
                      undefined,
                      undefined,
                      undefined,
                      {
                        "padding": 10,
                      },
                    ]
                  }
                >
                  <Text
                    style={
                      [
                        {
                          "backgroundColor": "transparent",
                          "color": "#20303C",
                          "writingDirection": "ltr",
                        },
                        undefined,
                        undefined,
                        undefined,
                        undefined,
                        undefined,
                        undefined,
                        undefined,
                        undefined,
                        {
                          "fontFamily": "Kanit-Regular",
                          "fontSize": 18,
                        },
                      ]
                    }
                  >
                    ShipPictures.PleaseSubmit
                  </Text>
                </View>
                <View
                  style={
                    [
                      undefined,
                      undefined,
                      undefined,
                      undefined,
                      undefined,
                      undefined,
                      undefined,
                      {
                        "flex": 1,
                      },
                    ]
                  }
                >
                  <View
                    style={
                      [
                        undefined,
                        undefined,
                        undefined,
                        undefined,
                        undefined,
                        undefined,
                        undefined,
                        undefined,
                      ]
                    }
                  >
                    <View
                      accessibilityRole="button"
                      accessibilityState={
                        {
                          "busy": undefined,
                          "checked": undefined,
                          "disabled": undefined,
                          "expanded": undefined,
                          "selected": undefined,
                        }
                      }
                      accessibilityValue={
                        {
                          "max": undefined,
                          "min": undefined,
                          "now": undefined,
                          "text": undefined,
                        }
                      }
                      accessible={true}
                      collapsable={false}
                      focusable={true}
                      onClick={[Function]}
                      onResponderGrant={[Function]}
                      onResponderMove={[Function]}
                      onResponderRelease={[Function]}
                      onResponderTerminate={[Function]}
                      onResponderTerminationRequest={[Function]}
                      onStartShouldSetResponder={[Function]}
                      style={
                        {
                          "alignSelf": "center",
                          "borderRadius": 50,
                          "height": 150,
                          "marginTop": 20,
                          "opacity": 1,
                          "width": 150,
                        }
                      }
                      testID="AddImageBtn"
                    >
                      <Image
                        accessibilityRole="image"
                        accessible={false}
                        assetGroup="icons"
                        onError={[Function]}
                        source={
                          {
                            "testUri": "../../../assets/images/Empty.jpg",
                          }
                        }
                        style={
                          [
                            undefined,
                            undefined,
                            undefined,
                            undefined,
                            undefined,
                            undefined,
                            undefined,
                            undefined,
                            false,
                            {
                              "borderRadius": 50,
                              "height": 150,
                              "width": 150,
                            },
                            false,
                          ]
                        }
                      />
                      <View
                        style={
                          [
                            undefined,
                            undefined,
                            undefined,
                            undefined,
                            undefined,
                            undefined,
                            undefined,
                            {
                              "alignItems": "center",
                              "backgroundColor": "rgba(255, 255, 255, 0.7)",
                              "borderRadius": 15,
                              "height": 30,
                              "justifyContent": "center",
                              "left": "50%",
                              "position": "absolute",
                              "top": "50%",
                              "transform": [
                                {
                                  "translateX": -15,
                                },
                                {
                                  "translateY": -15,
                                },
                              ],
                              "width": 30,
                            },
                          ]
                        }
                      >
                        <RNSVGSvgView
                          align="xMidYMid"
                          bbHeight="24"
                          bbWidth="24"
                          fill="none"
                          focusable={false}
                          height={24}
                          meetOrSlice={0}
                          minX={0}
                          minY={0}
                          style={
                            [
                              {
                                "backgroundColor": "transparent",
                                "borderWidth": 0,
                              },
                              {
                                "flex": 0,
                                "height": 24,
                                "width": 24,
                              },
                            ]
                          }
                          vbHeight={24}
                          vbWidth={24}
                          width={24}
                          xml="<svg width="24" height="24" viewBox="0 0 24 24" fill="none" xmlns="http://www.w3.org/2000/svg">
    <g clip-path="url(#clip0_77_28470)">
    <path d="M18 13H13V18C13 18.55 12.55 19 12 19C11.45 19 11 18.55 11 18V13H6C5.45 13 5 12.55 5 12C5 11.45 5.45 11 6 11H11V6C11 5.45 11.45 5 12 5C12.55 5 13 5.45 13 6V11H18C18.55 11 19 11.45 19 12C19 12.55 18.55 13 18 13Z" fill="#323232"/>
    </g>
    <defs>
    <clipPath id="clip0_77_28470">
    <rect width="24" height="24" fill="white"/>
    </clipPath>
    </defs>
    </svg>
    
    
    "
                          xmlns="http://www.w3.org/2000/svg"
                        >
                          <RNSVGGroup
                            fill={null}
                            propList={
                              [
                                "fill",
                              ]
                            }
                          >
                            <RNSVGGroup
                              clipPath="clip0_77_28470"
                              fill={
                                {
                                  "payload": 4278190080,
                                  "type": 0,
                                }
                              }
                            >
                              <RNSVGPath
                                d="M18 13H13V18C13 18.55 12.55 19 12 19C11.45 19 11 18.55 11 18V13H6C5.45 13 5 12.55 5 12C5 11.45 5.45 11 6 11H11V6C11 5.45 11.45 5 12 5C12.55 5 13 5.45 13 6V11H18C18.55 11 19 11.45 19 12C19 12.55 18.55 13 18 13Z"
                                fill={
                                  {
                                    "payload": 4281479730,
                                    "type": 0,
                                  }
                                }
                                propList={
                                  [
                                    "fill",
                                  ]
                                }
                              />
                            </RNSVGGroup>
                            <RNSVGDefs>
                              <RNSVGClipPath
                                fill={
                                  {
                                    "payload": 4278190080,
                                    "type": 0,
                                  }
                                }
                                name="clip0_77_28470"
                              >
                                <RNSVGRect
                                  fill={
                                    {
                                      "payload": 4294967295,
                                      "type": 0,
                                    }
                                  }
                                  height="24"
                                  propList={
                                    [
                                      "fill",
                                    ]
                                  }
                                  width="24"
                                  x="0"
                                  y="0"
                                />
                              </RNSVGClipPath>
                            </RNSVGDefs>
                          </RNSVGGroup>
                        </RNSVGSvgView>
                      </View>
                    </View>
                  </View>
                </View>
                <View
                  accessibilityState={
                    {
                      "busy": undefined,
                      "checked": undefined,
                      "disabled": true,
                      "expanded": undefined,
                      "selected": undefined,
                    }
                  }
                  accessibilityValue={
                    {
                      "max": undefined,
                      "min": undefined,
                      "now": undefined,
                      "text": undefined,
                    }
                  }
                  accessible={true}
                  collapsable={false}
                  focusable={true}
                  onBlur={[Function]}
                  onClick={[Function]}
                  onFocus={[Function]}
                  onResponderGrant={[Function]}
                  onResponderMove={[Function]}
                  onResponderRelease={[Function]}
                  onResponderTerminate={[Function]}
                  onResponderTerminationRequest={[Function]}
                  onStartShouldSetResponder={[Function]}
                  style={
                    {
                      "alignItems": "center",
                      "backgroundColor": "#6499c4",
                      "borderRadius": 6,
                      "elevation": 2,
                      "flexDirection": "row",
                      "gap": 0,
                      "justifyContent": "center",
                      "paddingHorizontal": 10,
                      "paddingVertical": 6,
                    }
                  }
                  testID="SubmitBtn"
                >
                  <Text
                    numberOfLines={0}
                    style={
                      {
                        "borderBottomWidth": 0,
                        "borderColor": undefined,
                        "color": "#f0f6fb",
                        "fontFamily": "Kanit-Medium",
                        "fontSize": 18,
                        "lineHeight": undefined,
                        "textAlign": undefined,
                      }
                    }
                  >
                    ShipPictures.Submit
                  </Text>
                  <View
                    style={
                      [
                        undefined,
                        undefined,
                        undefined,
                        undefined,
                        undefined,
                        undefined,
                        undefined,
                        {
                          "position": "absolute",
                          "right": 20,
                        },
                      ]
                    }
                  />
                </View>
                <Modal
                  animationType="slide"
                  hardwareAccelerated={false}
                  modifiers={
                    {
                      "alignments": {},
                      "backgroundColor": undefined,
                      "borderRadius": undefined,
                      "color": "transparent",
                      "flexStyle": undefined,
                      "margins": {},
                      "paddings": {},
                      "positionStyle": undefined,
                      "typography": undefined,
                    }
                  }
                  onRequestClose={[Function]}
                  transparent={true}
                  visible={false}
                />
              </View>
            </RCTScrollView>
          </View>
        </View>
      </View>
      <RNSScreenStackHeaderConfig
        backButtonInCustomView={false}
        backTitleVisible={true}
        backgroundColor="rgb(255, 255, 255)"
        color="rgb(0, 122, 255)"
        direction="ltr"
        disableBackButtonMenu={false}
        hidden={false}
        hideBackButton={false}
        largeTitleHideShadow={false}
        title="ShipPictures"
        titleColor="rgb(28, 28, 30)"
        topInsetEnabled={false}
        translucent={false}
      />
    </RNSScreen>
  </RNSScreenStack>
</RNCSafeAreaProvider>
`;
