// Jest Snapshot v1, https://goo.gl/fbAQLP

exports[`Ship Pictures After Rent Snapshot should match snapshot 1`] = `
<RNCSafeAreaProvider
  onInsetsChange={[Function]}
  style={
    {
      "flex": 1,
    }
  }
>
  <RNSScreenStack
    style={
      {
        "flex": 1,
      }
    }
  >
    <RNSScreen
      collapsable={false}
      forwardedRef={[Function]}
      gestureResponseDistance={
        {
          "bottom": -1,
          "end": -1,
          "start": -1,
          "top": -1,
        }
      }
      nativeBackButtonDismissalEnabled={false}
      onAppear={[Function]}
      onDisappear={[Function]}
      onDismissed={[Function]}
      onGestureCancel={[Function]}
      onHeaderBackButtonClicked={[Function]}
      onNativeDismissCancelled={[Function]}
      onTransitionProgress={[Function]}
      onWillDisappear={[Function]}
      replaceAnimation="push"
      sheetAllowedDetents="large"
      sheetCornerRadius={-1}
      sheetExpandsWhenScrolledToEdge={true}
      sheetGrabberVisible={false}
      sheetLargestUndimmedDetent="all"
      stackPresentation="push"
      style={
        {
          "bottom": 0,
          "left": 0,
          "position": "absolute",
          "right": 0,
          "top": 0,
        }
      }
      swipeDirection="horizontal"
    >
      <View
        accessibilityElementsHidden={false}
        importantForAccessibility="auto"
        style={
          {
            "flex": 1,
            "flexDirection": "column-reverse",
          }
        }
      >
        <View
          collapsable={false}
          style={
            [
              {
                "flex": 1,
              },
              {
                "backgroundColor": "rgb(242, 242, 242)",
              },
              undefined,
            ]
          }
        >
          <View
            style={
              [
                undefined,
                undefined,
                {
                  "flex": 1,
                },
                undefined,
                {},
                {},
                {},
                {
                  "backgroundColor": "#f0f6fb",
                  "justifyContent": "space-between",
                  "position": "relative",
                },
              ]
            }
            testID="ShipPicturesAfterRentScreen"
          >
            <RCTScrollView
              contentContainerStyle={
                {
                  "alignItems": undefined,
                  "flex": undefined,
                  "flexGrow": 1,
                  "gap": 10,
                  "justifyContent": undefined,
                  "marginBottom": undefined,
                  "padding": 10,
                  "paddingVertical": undefined,
                }
              }
            >
              <View>
                <View
                  style={
                    [
                      undefined,
                      undefined,
                      undefined,
                      undefined,
                      undefined,
                      undefined,
                      undefined,
                      {
                        "padding": 10,
                      },
                    ]
                  }
                >
                  <Text
                    style={
                      [
                        {
                          "backgroundColor": "transparent",
                          "color": "#20303C",
                          "writingDirection": "ltr",
                        },
                        undefined,
                        undefined,
                        undefined,
                        undefined,
                        undefined,
                        undefined,
                        undefined,
                        undefined,
                        {
                          "fontFamily": "Kanit-Regular",
                          "fontSize": 18,
                        },
                      ]
                    }
                  >
                    ShipPicturesAfterRent.PleaseSubmit
                  </Text>
                </View>
                <View
                  style={
                    [
                      undefined,
                      undefined,
                      undefined,
                      undefined,
                      undefined,
                      undefined,
                      undefined,
                      {
                        "flexDirection": "row",
                        "justifyContent": "space-between",
                      },
                    ]
                  }
                >
                  <View
                    style={
                      [
                        undefined,
                        undefined,
                        undefined,
                        undefined,
                        undefined,
                        undefined,
                        undefined,
                        {
                          "flex": 1,
                        },
                      ]
                    }
                  >
                    <Text
                      style={
                        [
                          {
                            "backgroundColor": "transparent",
                            "color": "#20303C",
                            "writingDirection": "ltr",
                          },
                          undefined,
                          undefined,
                          undefined,
                          undefined,
                          undefined,
                          undefined,
                          undefined,
                          undefined,
                          {
                            "fontFamily": "Kanit-Regular",
                            "fontSize": 18,
                            "marginBottom": 10,
                            "textAlign": "center",
                          },
                        ]
                      }
                    >
                      ShipPicturesAfterRent.textBefore
                    </Text>
                    <View
                      style={
                        [
                          undefined,
                          undefined,
                          undefined,
                          undefined,
                          undefined,
                          undefined,
                          undefined,
                          undefined,
                        ]
                      }
                    >
                      <Image
                        accessibilityRole="image"
                        accessible={false}
                        assetGroup="icons"
                        onError={[Function]}
                        source={
                          {
                            "uri": "http://ship.com",
                          }
                        }
                        style={
                          [
                            undefined,
                            undefined,
                            undefined,
                            undefined,
                            undefined,
                            undefined,
                            undefined,
                            undefined,
                            false,
                            {
                              "alignSelf": "center",
                              "borderRadius": 50,
                              "height": 150,
                              "marginBottom": 10,
                              "width": 150,
                            },
                            false,
                          ]
                        }
                      />
                      <View
                        accessibilityState={
                          {
                            "busy": undefined,
                            "checked": undefined,
                            "disabled": undefined,
                            "expanded": undefined,
                            "selected": undefined,
                          }
                        }
                        accessibilityValue={
                          {
                            "max": undefined,
                            "min": undefined,
                            "now": undefined,
                            "text": undefined,
                          }
                        }
                        accessible={true}
                        collapsable={false}
                        focusable={true}
                        onBlur={[Function]}
                        onClick={[Function]}
                        onFocus={[Function]}
                        onResponderGrant={[Function]}
                        onResponderMove={[Function]}
                        onResponderRelease={[Function]}
                        onResponderTerminate={[Function]}
                        onResponderTerminationRequest={[Function]}
                        onStartShouldSetResponder={[Function]}
                        style={
                          {
                            "width": "100%",
                          }
                        }
                      >
                        <View>
                          <View
                            style={
                              {
                                "paddingHorizontal": 10,
                                "width": "100%",
                              }
                            }
                            testID="RNE__Input__view-wrapper"
                          >
                            <View
                              collapsable={false}
                              style={
                                {
                                  "alignItems": "center",
                                  "borderBottomWidth": 1,
                                  "borderColor": "#216dab",
                                  "borderRadius": 0,
                                  "borderWidth": 0,
                                  "flexDirection": "row",
                                  "transform": [
                                    {
                                      "translateX": 0,
                                    },
                                  ],
                                }
                              }
                            >
                              <TextInput
                                editable={false}
                                multiline={false}
                                placeholder="Description"
                                placeholderTextColor="#86939e"
                                pointerEvents="none"
                                style={
                                  {
                                    "color": "#4d5963",
                                    "flex": 1,
                                    "fontFamily": "Kanit-Regular",
                                    "fontSize": 18,
                                    "minHeight": 40,
                                  }
                                }
                                testID="RNE__Input__text-input"
                                underlineColorAndroid="transparent"
                                value="this are the ship pictures"
                              />
                            </View>
                            <Text
                              style={
                                {
                                  "color": "#ff190c",
                                  "fontSize": 12,
                                  "margin": 5,
                                }
                              }
                            />
                          </View>
                          <View
                            accessibilityState={
                              {
                                "busy": undefined,
                                "checked": undefined,
                                "disabled": undefined,
                                "expanded": undefined,
                                "selected": undefined,
                              }
                            }
                            accessibilityValue={
                              {
                                "max": undefined,
                                "min": undefined,
                                "now": undefined,
                                "text": undefined,
                              }
                            }
                            accessible={true}
                            collapsable={false}
                            focusable={true}
                            onBlur={[Function]}
                            onClick={[Function]}
                            onFocus={[Function]}
                            onResponderGrant={[Function]}
                            onResponderMove={[Function]}
                            onResponderRelease={[Function]}
                            onResponderTerminate={[Function]}
                            onResponderTerminationRequest={[Function]}
                            onStartShouldSetResponder={[Function]}
                            style={
                              {
                                "position": "absolute",
                                "right": 14,
                                "top": 15,
                              }
                            }
                          />
                        </View>
                      </View>
                    </View>
                  </View>
                  <View
                    style={
                      [
                        undefined,
                        undefined,
                        undefined,
                        undefined,
                        undefined,
                        undefined,
                        undefined,
                        {
                          "flex": 1,
                        },
                      ]
                    }
                  >
                    <Text
                      style={
                        [
                          {
                            "backgroundColor": "transparent",
                            "color": "#20303C",
                            "writingDirection": "ltr",
                          },
                          undefined,
                          undefined,
                          undefined,
                          undefined,
                          undefined,
                          undefined,
                          undefined,
                          undefined,
                          {
                            "fontFamily": "Kanit-Regular",
                            "fontSize": 18,
                            "marginBottom": 10,
                            "textAlign": "center",
                          },
                        ]
                      }
                    >
                      ShipPicturesAfterRent.textAfter
                    </Text>
                    <View
                      style={
                        [
                          undefined,
                          undefined,
                          undefined,
                          undefined,
                          undefined,
                          undefined,
                          undefined,
                          undefined,
                        ]
                      }
                    >
                      <RNGestureHandlerButton
                        collapsable={false}
                        delayLongPress={600}
                        enabled={true}
                        exclusive={true}
                        handlerTag={1}
                        handlerType="NativeViewGestureHandler"
                        onGestureEvent={[Function]}
                        onGestureHandlerEvent={[Function]}
                        onGestureHandlerStateChange={[Function]}
                        onHandlerStateChange={[Function]}
                        rippleColor={0}
                        touchSoundDisabled={false}
                      >
                        <View
                          accessible={true}
                          collapsable={false}
                          style={
                            {
                              "alignSelf": "center",
                              "borderRadius": 50,
                              "height": 150,
                              "marginBottom": 10,
                              "opacity": 1,
                              "width": 150,
                            }
                          }
                        >
                          <Image
                            accessibilityRole="image"
                            accessible={false}
                            assetGroup="icons"
                            onError={[Function]}
                            source={
                              {
                                "testUri": "../../../assets/images/Empty.jpg",
                              }
                            }
                            style={
                              [
                                undefined,
                                undefined,
                                undefined,
                                undefined,
                                undefined,
                                undefined,
                                undefined,
                                undefined,
                                false,
                                {
                                  "borderRadius": 50,
                                  "height": 150,
                                  "width": 150,
                                },
                                false,
                              ]
                            }
                          />
                        </View>
                      </RNGestureHandlerButton>
                      <View
                        accessibilityState={
                          {
                            "busy": undefined,
                            "checked": undefined,
                            "disabled": undefined,
                            "expanded": undefined,
                            "selected": undefined,
                          }
                        }
                        accessibilityValue={
                          {
                            "max": undefined,
                            "min": undefined,
                            "now": undefined,
                            "text": undefined,
                          }
                        }
                        accessible={true}
                        collapsable={false}
                        focusable={true}
                        onBlur={[Function]}
                        onClick={[Function]}
                        onFocus={[Function]}
                        onResponderGrant={[Function]}
                        onResponderMove={[Function]}
                        onResponderRelease={[Function]}
                        onResponderTerminate={[Function]}
                        onResponderTerminationRequest={[Function]}
                        onStartShouldSetResponder={[Function]}
                        style={
                          {
                            "width": "100%",
                          }
                        }
                      >
                        <View>
                          <View
                            style={
                              {
                                "paddingHorizontal": 10,
                                "width": "100%",
                              }
                            }
                            testID="RNE__Input__view-wrapper"
                          >
                            <View
                              collapsable={false}
                              style={
                                {
                                  "alignItems": "center",
                                  "borderBottomWidth": 1,
                                  "borderColor": "#216dab",
                                  "borderRadius": 0,
                                  "borderWidth": 0,
                                  "flexDirection": "row",
                                  "transform": [
                                    {
                                      "translateX": 0,
                                    },
                                  ],
                                }
                              }
                            >
                              <TextInput
                                editable={false}
                                multiline={false}
                                placeholder="Description"
                                placeholderTextColor="#86939e"
                                pointerEvents="none"
                                style={
                                  {
                                    "color": "#4d5963",
                                    "flex": 1,
                                    "fontFamily": "Kanit-Regular",
                                    "fontSize": 18,
                                    "minHeight": 40,
                                  }
                                }
                                testID="RNE__Input__text-input"
                                underlineColorAndroid="transparent"
                                value="this are the ship pictures"
                              />
                            </View>
                            <Text
                              style={
                                {
                                  "color": "#ff190c",
                                  "fontSize": 12,
                                  "margin": 5,
                                }
                              }
                            />
                          </View>
                          <View
                            accessibilityState={
                              {
                                "busy": undefined,
                                "checked": undefined,
                                "disabled": undefined,
                                "expanded": undefined,
                                "selected": undefined,
                              }
                            }
                            accessibilityValue={
                              {
                                "max": undefined,
                                "min": undefined,
                                "now": undefined,
                                "text": undefined,
                              }
                            }
                            accessible={true}
                            collapsable={false}
                            focusable={true}
                            onBlur={[Function]}
                            onClick={[Function]}
                            onFocus={[Function]}
                            onResponderGrant={[Function]}
                            onResponderMove={[Function]}
                            onResponderRelease={[Function]}
                            onResponderTerminate={[Function]}
                            onResponderTerminationRequest={[Function]}
                            onStartShouldSetResponder={[Function]}
                            style={
                              {
                                "position": "absolute",
                                "right": 14,
                                "top": 15,
                              }
                            }
                          />
                        </View>
                      </View>
                    </View>
                  </View>
                </View>
                <View
                  accessibilityState={
                    {
                      "busy": undefined,
                      "checked": undefined,
                      "disabled": true,
                      "expanded": undefined,
                      "selected": undefined,
                    }
                  }
                  accessibilityValue={
                    {
                      "max": undefined,
                      "min": undefined,
                      "now": undefined,
                      "text": undefined,
                    }
                  }
                  accessible={true}
                  collapsable={false}
                  focusable={true}
                  onBlur={[Function]}
                  onClick={[Function]}
                  onFocus={[Function]}
                  onResponderGrant={[Function]}
                  onResponderMove={[Function]}
                  onResponderRelease={[Function]}
                  onResponderTerminate={[Function]}
                  onResponderTerminationRequest={[Function]}
                  onStartShouldSetResponder={[Function]}
                  style={
                    {
                      "alignItems": "center",
                      "backgroundColor": "#6499c4",
                      "borderRadius": 6,
                      "elevation": 2,
                      "flexDirection": "row",
                      "gap": 0,
                      "justifyContent": "center",
                      "paddingHorizontal": 10,
                      "paddingVertical": 6,
                    }
                  }
                >
                  <Text
                    numberOfLines={0}
                    style={
                      {
                        "borderBottomWidth": 0,
                        "borderColor": undefined,
                        "color": "#f0f6fb",
                        "fontFamily": "Kanit-Medium",
                        "fontSize": 18,
                        "lineHeight": undefined,
                        "textAlign": undefined,
                      }
                    }
                  >
                    ShipPicturesAfterRent.Submit
                  </Text>
                  <View
                    style={
                      [
                        undefined,
                        undefined,
                        undefined,
                        undefined,
                        undefined,
                        undefined,
                        undefined,
                        {
                          "position": "absolute",
                          "right": 20,
                        },
                      ]
                    }
                  />
                </View>
                <Modal
                  animationType="slide"
                  hardwareAccelerated={false}
                  modifiers={
                    {
                      "alignments": {},
                      "backgroundColor": undefined,
                      "borderRadius": undefined,
                      "color": "transparent",
                      "flexStyle": undefined,
                      "margins": {},
                      "paddings": {},
                      "positionStyle": undefined,
                      "typography": undefined,
                    }
                  }
                  onRequestClose={[Function]}
                  transparent={true}
                  visible={false}
                />
              </View>
            </RCTScrollView>
          </View>
        </View>
      </View>
      <RNSScreenStackHeaderConfig
        backButtonInCustomView={false}
        backTitleVisible={true}
        backgroundColor="rgb(255, 255, 255)"
        color="rgb(0, 122, 255)"
        direction="ltr"
        disableBackButtonMenu={false}
        hidden={false}
        hideBackButton={false}
        largeTitleHideShadow={false}
        title="ShipPicturesAfterRent"
        titleColor="rgb(28, 28, 30)"
        topInsetEnabled={false}
        translucent={false}
      />
    </RNSScreen>
  </RNSScreenStack>
</RNCSafeAreaProvider>
`;
